Component: ARM Compiler 5.06 update 6 (build 750) Tool: armlink [4d35ed]

==============================================================================

Section Cross References

    main.o(i.Get_Speed) refers to encoder.o(i.Read_EncoderA) for Read_EncoderA
    main.o(i.Get_Speed) refers to fdiv.o(x$fpl$fdiv) for __aeabi_fdiv
    main.o(i.Get_Speed) refers to f2d.o(x$fpl$f2d) for __aeabi_f2d
    main.o(i.Get_Speed) refers to dmul.o(x$fpl$dmul) for __aeabi_dmul
    main.o(i.Get_Speed) refers to ddiv.o(x$fpl$ddiv) for __aeabi_ddiv
    main.o(i.Get_Speed) refers to d2f.o(x$fpl$d2f) for __aeabi_d2f
    main.o(i.Get_Speed) refers to encoder.o(i.Read_EncoderB) for Read_EncoderB
    main.o(i.Get_Speed) refers to main.o(.data) for a
    main.o(i.Gps_Handle) refers to gps.o(i.parseGpsBuffer) for parseGpsBuffer
    main.o(i.Gps_Handle) refers to gps.o(i.printGpsBuffer) for printGpsBuffer
    main.o(i.Receive_Data) refers to _printf_percent.o(.ARM.Collect$$_printf_percent$$00000000) for _printf_percent
    main.o(i.Receive_Data) refers to _printf_d.o(.ARM.Collect$$_printf_percent$$00000009) for _printf_d
    main.o(i.Receive_Data) refers to _printf_dec.o(.text) for _printf_int_dec
    main.o(i.Receive_Data) refers to noretval__2printf.o(.text) for __2printf
    main.o(i.Receive_Data) refers to control.o(i.run) for run
    main.o(i.Receive_Data) refers to rt_memclr.o(.text) for __aeabi_memclr
    main.o(i.Receive_Data) refers to usart2_1.o(.data) for USART2_RX_STA
    main.o(i.Receive_Data) refers to main.o(.data) for STA_Flag
    main.o(i.Receive_Data) refers to usart2_1.o(.bss) for USART2_RX_BUF
    main.o(i.main) refers to delay.o(i.delay_init) for delay_init
    main.o(i.main) refers to usart.o(i.uart_init) for uart_init
    main.o(i.main) refers to usart2_1.o(i.uart2_init) for uart2_init
    main.o(i.main) refers to tb6612.o(i.tb6612_Init) for tb6612_Init
    main.o(i.main) refers to encoder.o(i.Encoder_Init_TIM3) for Encoder_Init_TIM3
    main.o(i.main) refers to encoder.o(i.Encoder_Init_TIM4) for Encoder_Init_TIM4
    main.o(i.main) refers to mpu6050.o(i.MPU_Init) for MPU_Init
    main.o(i.main) refers to usart.o(i.clrStruct) for clrStruct
    main.o(i.main) refers to main.o(i.Receive_Data) for Receive_Data
    main.o(i.main) refers to main.o(i.Get_Speed) for Get_Speed
    main.o(i.main) refers to main.o(i.Gps_Handle) for Gps_Handle
    system_stm32f10x.o(i.SetSysClock) refers to system_stm32f10x.o(i.SetSysClockTo72) for SetSysClockTo72
    system_stm32f10x.o(i.SystemCoreClockUpdate) refers to system_stm32f10x.o(.data) for SystemCoreClock
    system_stm32f10x.o(i.SystemInit) refers to system_stm32f10x.o(i.SetSysClock) for SetSysClock
    startup_stm32f10x_hd.o(STACK) refers (Special) to heapauxi.o(.text) for __use_two_region_memory
    startup_stm32f10x_hd.o(HEAP) refers (Special) to heapauxi.o(.text) for __use_two_region_memory
    startup_stm32f10x_hd.o(RESET) refers (Special) to heapauxi.o(.text) for __use_two_region_memory
    startup_stm32f10x_hd.o(RESET) refers to startup_stm32f10x_hd.o(STACK) for __initial_sp
    startup_stm32f10x_hd.o(RESET) refers to startup_stm32f10x_hd.o(.text) for Reset_Handler
    startup_stm32f10x_hd.o(RESET) refers to stm32f10x_it.o(i.NMI_Handler) for NMI_Handler
    startup_stm32f10x_hd.o(RESET) refers to stm32f10x_it.o(i.HardFault_Handler) for HardFault_Handler
    startup_stm32f10x_hd.o(RESET) refers to stm32f10x_it.o(i.MemManage_Handler) for MemManage_Handler
    startup_stm32f10x_hd.o(RESET) refers to stm32f10x_it.o(i.BusFault_Handler) for BusFault_Handler
    startup_stm32f10x_hd.o(RESET) refers to stm32f10x_it.o(i.UsageFault_Handler) for UsageFault_Handler
    startup_stm32f10x_hd.o(RESET) refers to stm32f10x_it.o(i.SVC_Handler) for SVC_Handler
    startup_stm32f10x_hd.o(RESET) refers to stm32f10x_it.o(i.DebugMon_Handler) for DebugMon_Handler
    startup_stm32f10x_hd.o(RESET) refers to stm32f10x_it.o(i.PendSV_Handler) for PendSV_Handler
    startup_stm32f10x_hd.o(RESET) refers to stm32f10x_it.o(i.SysTick_Handler) for SysTick_Handler
    startup_stm32f10x_hd.o(RESET) refers to encoder.o(i.TIM3_IRQHandler) for TIM3_IRQHandler
    startup_stm32f10x_hd.o(RESET) refers to encoder.o(i.TIM4_IRQHandler) for TIM4_IRQHandler
    startup_stm32f10x_hd.o(RESET) refers to usart.o(i.USART1_IRQHandler) for USART1_IRQHandler
    startup_stm32f10x_hd.o(RESET) refers to usart2_1.o(i.USART2_IRQHandler) for USART2_IRQHandler
    startup_stm32f10x_hd.o(RESET) refers to usart3.o(i.USART3_IRQHandler) for USART3_IRQHandler
    startup_stm32f10x_hd.o(.text) refers (Special) to heapauxi.o(.text) for __use_two_region_memory
    startup_stm32f10x_hd.o(.text) refers to system_stm32f10x.o(i.SystemInit) for SystemInit
    startup_stm32f10x_hd.o(.text) refers to __main.o(!!!main) for __main
    startup_stm32f10x_hd.o(.text) refers to startup_stm32f10x_hd.o(HEAP) for Heap_Mem
    startup_stm32f10x_hd.o(.text) refers to startup_stm32f10x_hd.o(STACK) for Stack_Mem
[...]
    ../clib/signal.c                         0x00000000   Number         0  defsig_abrt_inner.o ABSOLUTE
    ../clib/signal.c                         0x00000000   Number         0  defsig_fpe_formal.o ABSOLUTE
    ../clib/signal.c                         0x00000000   Number         0  defsig_fpe_outer.o ABSOLUTE
    ../clib/signal.c                         0x00000000   Number         0  defsig_stak_inner.o ABSOLUTE
    ../clib/signal.c                         0x00000000   Number         0  defsig_pvfn_inner.o ABSOLUTE
    ../clib/signal.c                         0x00000000   Number         0  defsig_cppl_inner.o ABSOLUTE
    ../clib/signal.c                         0x00000000   Number         0  defsig_segv_inner.o ABSOLUTE
    ../clib/signal.c                         0x00000000   Number         0  defsig_other.o ABSOLUTE
    ../clib/signal.s                         0x00000000   Number         0  defsig.o ABSOLUTE
    ../clib/stdio.c                          0x00000000   Number         0  ferror_locked.o ABSOLUTE
    ../clib/stdio.c                          0x00000000   Number         0  ferror.o ABSOLUTE
    ../clib/stdlib.c                         0x00000000   Number         0  exit.o ABSOLUTE
    ../clib/string.c                         0x00000000   Number         0  strstr.o ABSOLUTE
    ../clib/string.c                         0x00000000   Number         0  memcmp.o ABSOLUTE
    ../fplib/d2f.s                           0x00000000   Number         0  d2f.o ABSOLUTE
    ../fplib/daddsub.s                       0x00000000   Number         0  daddsub_clz.o ABSOLUTE
    ../fplib/dcheck1.s                       0x00000000   Number         0  dcheck1.o ABSOLUTE
    ../fplib/dcmpi.s                         0x00000000   Number         0  dcmpi.o ABSOLUTE
    ../fplib/ddiv.s                          0x00000000   Number         0  ddiv.o ABSOLUTE
    ../fplib/dflt.s                          0x00000000   Number         0  dflt_clz.o ABSOLUTE
    ../fplib/dleqf.s                         0x00000000   Number         0  dleqf.o ABSOLUTE
    ../fplib/dmul.s                          0x00000000   Number         0  dmul.o ABSOLUTE
    ../fplib/dnaninf.s                       0x00000000   Number         0  dnaninf.o ABSOLUTE
    ../fplib/dretinf.s                       0x00000000   Number         0  dretinf.o ABSOLUTE
    ../fplib/dsqrt.s                         0x00000000   Number         0  dsqrt_noumaal.o ABSOLUTE
    ../fplib/f2d.s                           0x00000000   Number         0  f2d.o ABSOLUTE
    ../fplib/faddsub.s                       0x00000000   Number         0  faddsub_clz.o ABSOLUTE
    ../fplib/fcmpi.s                         0x00000000   Number         0  fcmpi.o ABSOLUTE
    ../fplib/fdiv.s                          0x00000000   Number         0  fdiv.o ABSOLUTE
    ../fplib/feqf.s                          0x00000000   Number         0  feqf.o ABSOLUTE
    ../fplib/ffix.s                          0x00000000   Number         0  ffix.o ABSOLUTE
    ../fplib/ffixu.s                         0x00000000   Number         0  ffixu.o ABSOLUTE
    ../fplib/fflt.s                          0x00000000   Number         0  fflt_clz.o ABSOLUTE
    ../fplib/fleqf.s                         0x00000000   Number         0  fleqf.o ABSOLUTE
    ../fplib/fmul.s                          0x00000000   Number         0  fmul.o ABSOLUTE
    ../fplib/fnaninf.s                       0x00000000   Number         0  fnaninf.o ABSOLUTE
    ../fplib/fpinit.s                        0x00000000   Number         0  fpinit.o ABSOLUTE
    ../fplib/fretinf.s                       0x00000000   Number         0  fretinf.o ABSOLUTE
    ../fplib/frleqf.s                        0x00000000   Number         0  frleqf.o ABSOLUTE
    ../fplib/retnan.s                        0x00000000   Number         0  retnan.o ABSOLUTE
    ../fplib/scalbn.s                        0x00000000   Number         0  scalbn.o ABSOLUTE
    ../fplib/trapv.s                         0x00000000   Number         0  trapv.o ABSOLUTE
    ../fplib/usenofp.s                       0x00000000   Number         0  usenofp.o ABSOLUTE
    ../mathlib/asin.c                        0x00000000   Number         0  asin.o ABSOLUTE
    ../mathlib/asin.c                        0x00000000   Number         0  asin_x.o ABSOLUTE
    ../mathlib/atan.c                        0x00000000   Number         0  atan_x.o ABSOLUTE
    ../mathlib/atan.c                        0x00000000   Number         0  atan.o ABSOLUTE
    ../mathlib/atan2.c                       0x00000000   Number         0  atan2_x.o ABSOLUTE
    ../mathlib/atan2.c                       0x00000000   Number         0  atan2.o ABSOLUTE
    ../mathlib/dunder.c                      0x00000000   Number         0  dunder.o ABSOLUTE
    ../mathlib/fpclassify.c                  0x00000000   Number         0  fpclassify.o ABSOLUTE
    ../mathlib/poly.c                        0x00000000   Number         0  poly.o ABSOLUTE
    ../mathlib/qnan.c                        0x00000000   Number         0  qnan.o ABSOLUTE
    ../mathlib/sqrt.c                        0x00000000   Number         0  sqrt.o ABSOLUTE
    ../mathlib/sqrt.c                        0x00000000   Number         0  sqrt_x.o ABSOLUTE
    ..\CORE\core_cm3.c                       0x00000000   Number         0  core_cm3.o ABSOLUTE
    ..\CORE\startup_stm32f10x_hd.s           0x00000000   Number         0  startup_stm32f10x_hd.o ABSOLUTE
    ..\Headware\Control.c                    0x00000000   Number         0  control.o ABSOLUTE
    ..\Headware\Encoder.c                    0x00000000   Number         0  encoder.o ABSOLUTE
    ..\Headware\GPS.c                        0x00000000   Number         0  gps.o ABSOLUTE
    ..\Headware\TB6612.c                     0x00000000   Number         0  tb6612.o ABSOLUTE
    ..\Headware\mpu6050\inv_mpu.c            0x00000000   Number         0  inv_mpu.o ABSOLUTE
    ..\Headware\mpu6050\inv_mpu_dmp_motion_driver.c 0x00000000   Number         0  inv_mpu_dmp_motion_driver.o ABSOLUTE
    ..\Headware\mpu6050\mpu6050.c            0x00000000   Number         0  mpu6050.o ABSOLUTE
    ..\Headware\mpu6050\mpuiic.c             0x00000000   Number         0  mpuiic.o ABSOLUTE
    ..\Headware\usart2.c                     0x00000000   Number         0  usart2_1.o ABSOLUTE
    ..\Headware\usart3.c                     0x00000000   Number         0  usart3.o ABSOLUTE
    ..\STM32F10x_FWLib\src\misc.c            0x00000000   Number         0  misc.o ABSOLUTE
    ..\STM32F10x_FWLib\src\stm32f10x_adc.c   0x00000000   Number         0  stm32f10x_adc.o ABSOLUTE
    ..\STM32F10x_FWLib\src\stm32f10x_bkp.c   0x00000000   Number         0  stm32f10x_bkp.o ABSOLUTE
    ..\STM32F10x_FWLib\src\stm32f10x_can.c   0x00000000   Number         0  stm32f10x_can.o ABSOLUTE
    ..\STM32F10x_FWLib\src\stm32f10x_cec.c   0x00000000   Number         0  stm32f10x_cec.o ABSOLUTE
    ..\STM32F10x_FWLib\src\stm32f10x_crc.c   0x00000000   Number         0  stm32f10x_crc.o ABSOLUTE
    ..\STM32F10x_FWLib\src\stm32f10x_dac.c   0x00000000   Number         0  stm32f10x_dac.o ABSOLUTE
    ..\STM32F10x_FWLib\src\stm32f10x_dbgmcu.c 0x00000000   Number         0  stm32f10x_dbgmcu.o ABSOLUTE
    ..\STM32F10x_FWLib\src\stm32f10x_dma.c   0x00000000   Number         0  stm32f10x_dma.o ABSOLUTE
    ..\STM32F10x_FWLib\src\stm32f10x_exti.c  0x00000000   Number         0  stm32f10x_exti.o ABSOLUTE
    ..\STM32F10x_FWLib\src\stm32f10x_flash.c 0x00000000   Number         0  stm32f10x_flash.o ABSOLUTE
    ..\STM32F10x_FWLib\src\stm32f10x_fsmc.c  0x00000000   Number         0  stm32f10x_fsmc.o ABSOLUTE
    ..\STM32F10x_FWLib\src\stm32f10x_gpio.c  0x00000000   Number         0  stm32f10x_gpio.o ABSOLUTE
    ..\STM32F10x_FWLib\src\stm32f10x_i2c.c   0x00000000   Number         0  stm32f10x_i2c.o ABSOLUTE
    ..\STM32F10x_FWLib\src\stm32f10x_iwdg.c  0x00000000   Number         0  stm32f10x_iwdg.o ABSOLUTE
    ..\STM32F10x_FWLib\src\stm32f10x_pwr.c   0x00000000   Number         0  stm32f10x_pwr.o ABSOLUTE
    ..\STM32F10x_FWLib\src\stm32f10x_rcc.c   0x00000000   Number         0  stm32f10x_rcc.o ABSOLUTE
    ..\STM32F10x_FWLib\src\stm32f10x_rtc.c   0x00000000   Number         0  stm32f10x_rtc.o ABSOLUTE
    ..\STM32F10x_FWLib\src\stm32f10x_sdio.c  0x00000000   Number         0  stm32f10x_sdio.o ABSOLUTE
    ..\STM32F10x_FWLib\src\stm32f10x_spi.c   0x00000000   Number         0  stm32f10x_spi.o ABSOLUTE
    ..\STM32F10x_FWLib\src\stm32f10x_tim.c   0x00000000   Number         0  stm32f10x_tim.o ABSOLUTE
    ..\STM32F10x_FWLib\src\stm32f10x_usart.c 0x00000000   Number         0  stm32f10x_usart.o ABSOLUTE
    ..\STM32F10x_FWLib\src\stm32f10x_wwdg.c  0x00000000   Number         0  stm32f10x_wwdg.o ABSOLUTE
    ..\SYSTEM\delay\delay.c                  0x00000000   Number         0  delay.o ABSOLUTE
    ..\SYSTEM\sys\sys.c                      0x00000000   Number         0  sys.o ABSOLUTE
    ..\SYSTEM\usart\usart.c                  0x00000000   Number         0  usart.o ABSOLUTE
    ..\\CORE\\core_cm3.c                     0x00000000   Number         0  core_cm3.o ABSOLUTE
    ..\\SYSTEM\\sys\\sys.c                   0x00000000   Number         0  sys.o ABSOLUTE
    dc.s                                     0x00000000   Number         0  dc.o ABSOLUTE
    main.c                                   0x00000000   Number         0  main.o ABSOLUTE
    stm32f10x_it.c                           0x00000000   Number         0  stm32f10x_it.o ABSOLUTE
    system_stm32f10x.c                       0x00000000   Number         0  system_stm32f10x.o ABSOLUTE
    RESET                                    0x08000000   Section      304  startup_stm32f10x_hd.o(RESET)
    !!!main                                  0x08000130   Section        8  __main.o(!!!main)
    !!!scatter                               0x08000138   Section       52  __scatter.o(!!!scatter)
    !!handler_copy                           0x0800016c   Section       26  __scatter_copy.o(!!handler_copy)
    !!handler_zi                             0x08000188   Section       28  __scatter_zi.o(!!handler_zi)
    .ARM.Collect$$_printf_percent$$00000000  0x080001a4   Section        0  _printf_percent.o(.ARM.Collect$$_printf_percent$$00000000)
    .ARM.Collect$$_printf_percent$$00000009  0x080001a4   Section        6  _printf_d.o(.ARM.Collect$$_printf_percent$$00000009)
    .ARM.Collect$$_printf_percent$$00000014  0x080001aa   Section        6  _printf_s.o(.ARM.Collect$$_printf_percent$$00000014)
    .ARM.Collect$$_printf_percent$$00000017  0x080001b0   Section        4  _printf_percent_end.o(.ARM.Collect$$_printf_percent$$00000017)
    .ARM.Collect$$libinit$$00000000          0x080001b4   Section        2  libinit.o(.ARM.Collect$$libinit$$00000000)
    .ARM.Collect$$libinit$$00000002          0x080001b6   Section        0  libinit2.o(.ARM.Collect$$libinit$$00000002)
    .ARM.Collect$$libinit$$00000004          0x080001b6   Section        0  libinit2.o(.ARM.Collect$$libinit$$00000004)
    .ARM.Collect$$libinit$$0000000A          0x080001b6   Section        0  libinit2.o(.ARM.Collect$$libinit$$0000000A)
    .ARM.Collect$$libinit$$0000000C          0x080001b6   Section        0  libinit2.o(.ARM.Collect$$libinit$$0000000C)
    .ARM.Collect$$libinit$$0000000E          0x080001b6   Section        0  libinit2.o(.ARM.Collect$$libinit$$0000000E)
    .ARM.Collect$$libinit$$00000011          0x080001b6   Section        0  libinit2.o(.ARM.Collect$$libinit$$00000011)
    .ARM.Collect$$libinit$$00000013          0x080001b6   Section        0  libinit2.o(.ARM.Collect$$libinit$$00000013)
    .ARM.Collect$$libinit$$00000015          0x080001b6   Section        0  libinit2.o(.ARM.Collect$$libinit$$00000015)
    .ARM.Collect$$libinit$$00000017          0x080001b6   Section        0  libinit2.o(.ARM.Collect$$libinit$$00000017)
    .ARM.Collect$$libinit$$00000019          0x080001b6   Section        0  libinit2.o(.ARM.Collect$$libinit$$00000019)
    .ARM.Collect$$libinit$$0000001B          0x080001b6   Section        0  libinit2.o(.ARM.Collect$$libinit$$0000001B)
    .ARM.Collect$$libinit$$0000001D          0x080001b6   Section        0  libinit2.o(.ARM.Collect$$libinit$$0000001D)
    .ARM.Collect$$libinit$$0000001F          0x080001b6   Section        0  libinit2.o(.ARM.Collect$$libinit$$0000001F)
    .ARM.Collect$$libinit$$00000021          0x080001b6   Section        0  libinit2.o(.ARM.Collect$$libinit$$00000021)
    .ARM.Collect$$libinit$$00000023          0x080001b6   Section        0  libinit2.o(.ARM.Collect$$libinit$$00000023)
    .ARM.Collect$$libinit$$00000025          0x080001b6   Section        0  libinit2.o(.ARM.Collect$$libinit$$00000025)
    .ARM.Collect$$libinit$$0000002C          0x080001b6   Section        0  libinit2.o(.ARM.Collect$$libinit$$0000002C)
    .ARM.Collect$$libinit$$0000002E          0x080001b6   Section        0  libinit2.o(.ARM.Collect$$libinit$$0000002E)
    .ARM.Collect$$libinit$$00000030          0x080001b6   Section        0  libinit2.o(.ARM.Collect$$libinit$$00000030)
    .ARM.Collect$$libinit$$00000032          0x080001b6   Section        0  libinit2.o(.ARM.Collect$$libinit$$00000032)
    .ARM.Collect$$libinit$$00000033          0x080001b6   Section        2  libinit2.o(.ARM.Collect$$libinit$$00000033)
    .ARM.Collect$$libshutdown$$00000000      0x080001b8   Section        2  libshutdown.o(.ARM.Collect$$libshutdown$$00000000)
    .ARM.Collect$$libshutdown$$00000002      0x080001ba   Section        0  libshutdown2.o(.ARM.Collect$$libshutdown$$00000002)
    .ARM.Collect$$libshutdown$$00000004      0x080001ba   Section        0  libshutdown2.o(.ARM.Collect$$libshutdown$$00000004)
    .ARM.Collect$$libshutdown$$00000007      0x080001ba   Section        0  libshutdown2.o(.ARM.Collect$$libshutdown$$00000007)
    .ARM.Collect$$libshutdown$$0000000A      0x080001ba   Section        0  libshutdown2.o(.ARM.Collect$$libshutdown$$0000000A)
    .ARM.Collect$$libshutdown$$0000000C      0x080001ba   Section        0  libshutdown2.o(.ARM.Collect$$libshutdown$$0000000C)
    .ARM.Collect$$libshutdown$$0000000F      0x080001ba   Section        0  libshutdown2.o(.ARM.Collect$$libshutdown$$0000000F)
    .ARM.Collect$$libshutdown$$00000010      0x080001ba   Section        2  libshutdown2.o(.ARM.Collect$$libshutdown$$00000010)
    .ARM.Collect$$rtentry$$00000000          0x080001bc   Section        0  __rtentry.o(.ARM.Collect$$rtentry$$00000000)
    .ARM.Collect$$rtentry$$00000002          0x080001bc   Section        0  __rtentry2.o(.ARM.Collect$$rtentry$$00000002)
    .ARM.Collect$$rtentry$$00000004          0x080001bc   Section        6  __rtentry4.o(.ARM.Collect$$rtentry$$00000004)
    .ARM.Collect$$rtentry$$00000009          0x080001c2   Section        0  __rtentry2.o(.ARM.Collect$$rtentry$$00000009)
    .ARM.Collect$$rtentry$$0000000A          0x080001c2   Section        4  __rtentry2.o(.ARM.Collect$$rtentry$$0000000A)
    .ARM.Collect$$rtentry$$0000000C          0x080001c6   Section        0  __rtentry2.o(.ARM.Collect$$rtentry$$0000000C)
    .ARM.Collect$$rtentry$$0000000D          0x080001c6   Section        8  __rtentry2.o(.ARM.Collect$$rtentry$$0000000D)
    .ARM.Collect$$rtexit$$00000000           0x080001ce   Section        2  rtexit.o(.ARM.Collect$$rtexit$$00000000)
    .ARM.Collect$$rtexit$$00000002           0x080001d0   Section        0  rtexit2.o(.ARM.Collect$$rtexit$$00000002)
    .ARM.Collect$$rtexit$$00000003           0x080001d0   Section        4  rtexit2.o(.ARM.Collect$$rtexit$$00000003)
    .ARM.Collect$$rtexit$$00000004           0x080001d4   Section        6  rtexit2.o(.ARM.Collect$$rtexit$$00000004)
    .text                                    0x080001dc   Section       64  startup_stm32f10x_hd.o(.text)
    .text                                    0x0800021c   Section        2  use_no_semi_2.o(.text)
    .text                                    0x08000220   Section        0  noretval__2printf.o(.text)
    .text                                    0x08000238   Section        0  _printf_str.o(.text)
    .text                                    0x0800028c   Section        0  _printf_dec.o(.text)
    .text                                    0x08000304   Section        0  __printf_flags_wp.o(.text)
    .text                                    0x0800043c   Section        0  strstr.o(.text)
    .text                                    0x08000460   Section      138  rt_memcpy_v6.o(.text)
    .text                                    0x080004ea   Section       68  rt_memclr.o(.text)
    .text                                    0x0800052e   Section        0  heapauxi.o(.text)
    .text                                    0x08000534   Section        2  use_no_semi.o(.text)
    .text                                    0x08000536   Section        0  _printf_intcommon.o(.text)
    .text                                    0x080005e8   Section        0  _printf_char.o(.text)
    .text                                    0x08000614   Section        0  _printf_char_file.o(.text)
    .text                                    0x08000638   Section      100  rt_memcpy_w.o(.text)
    .text                                    0x0800069c   Section       78  rt_memclr_w.o(.text)
    .text                                    0x080006ec   Section        0  _printf_char_common.o(.text)
    _printf_input_char                       0x080006ed   Thumb Code    10  _printf_char_common.o(.text)
    .text                                    0x0800071c   Section        0  ferror.o(.text)
    .text                                    0x08000724   Section        8  libspace.o(.text)
    .text                                    0x0800072c   Section       74  sys_stackheap_outer.o(.text)
    .text                                    0x08000776   Section        0  exit.o(.text)
    i.BusFault_Handler                       0x08000788   Section        0  stm32f10x_it.o(i.BusFault_Handler)
    i.CLR_Buf                                0x0800078c   Section        0  usart.o(i.CLR_Buf)
    i.DebugMon_Handler                       0x080007a8   Section        0  stm32f10x_it.o(i.DebugMon_Handler)
    i.Encoder_Init_TIM3                      0x080007ac   Section        0  encoder.o(i.Encoder_Init_TIM3)
    i.Encoder_Init_TIM4                      0x08000850   Section        0  encoder.o(i.Encoder_Init_TIM4)
    i.GPIO_Init                              0x080008f4   Section        0  stm32f10x_gpio.o(i.GPIO_Init)
    i.GPIO_ResetBits                         0x08000a0a   Section        0  stm32f10x_gpio.o(i.GPIO_ResetBits)
    i.GPIO_SetBits                           0x08000a0e   Section        0  stm32f10x_gpio.o(i.GPIO_SetBits)
    i.Get_Speed                              0x08000a14   Section        0  main.o(i.Get_Speed)
    i.Gps_Handle                             0x08000a94   Section        0  main.o(i.Gps_Handle)
    i.HardFault_Handler                      0x08000aa0   Section        0  stm32f10x_it.o(i.HardFault_Handler)
    i.MPU_IIC_Ack                            0x08000aa4   Section        0  mpuiic.o(i.MPU_IIC_Ack)
    i.MPU_IIC_Delay                          0x08000af0   Section        0  mpuiic.o(i.MPU_IIC_Delay)
    i.MPU_IIC_Init                           0x08000afc   Section        0  mpuiic.o(i.MPU_IIC_Init)
    i.MPU_IIC_NAck                           0x08000b30   Section        0  mpuiic.o(i.MPU_IIC_NAck)
    i.MPU_IIC_Read_Byte                      0x08000b7c   Section        0  mpuiic.o(i.MPU_IIC_Read_Byte)
    i.MPU_IIC_Send_Byte                      0x08000be8   Section        0  mpuiic.o(i.MPU_IIC_Send_Byte)
    i.MPU_IIC_Start                          0x08000c44   Section        0  mpuiic.o(i.MPU_IIC_Start)
    i.MPU_IIC_Stop                           0x08000c8c   Section        0  mpuiic.o(i.MPU_IIC_Stop)
    i.MPU_IIC_Wait_Ack                       0x08000cd4   Section        0  mpuiic.o(i.MPU_IIC_Wait_Ack)
    i.MPU_Init                               0x08000d38   Section        0  mpu6050.o(i.MPU_Init)
    i.MPU_Read_Byte                          0x08000db2   Section        0  mpu6050.o(i.MPU_Read_Byte)
    i.MPU_Set_Accel_Fsr                      0x08000dec   Section        0  mpu6050.o(i.MPU_Set_Accel_Fsr)
    i.MPU_Set_Gyro_Fsr                       0x08000dfc   Section        0  mpu6050.o(i.MPU_Set_Gyro_Fsr)
    i.MPU_Set_LPF                            0x08000e0c   Section        0  mpu6050.o(i.MPU_Set_LPF)
    i.MPU_Set_Rate                           0x08000e46   Section        0  mpu6050.o(i.MPU_Set_Rate)
    i.MPU_Write_Byte                         0x08000e80   Section        0  mpu6050.o(i.MPU_Write_Byte)
    i.MemManage_Handler                      0x08000ec4   Section        0  stm32f10x_it.o(i.MemManage_Handler)
    i.NMI_Handler                            0x08000ec8   Section        0  stm32f10x_it.o(i.NMI_Handler)
    i.NVIC_Init                              0x08000ecc   Section        0  misc.o(i.NVIC_Init)
    i.PendSV_Handler                         0x08000f3c   Section        0  stm32f10x_it.o(i.PendSV_Handler)
    i.RCC_APB1PeriphClockCmd                 0x08000f40   Section        0  stm32f10x_rcc.o(i.RCC_APB1PeriphClockCmd)
    i.RCC_APB2PeriphClockCmd                 0x08000f60   Section        0  stm32f10x_rcc.o(i.RCC_APB2PeriphClockCmd)
    i.RCC_GetClocksFreq                      0x08000f80   Section        0  stm32f10x_rcc.o(i.RCC_GetClocksFreq)
    i.Read_EncoderA                          0x08001054   Section        0  encoder.o(i.Read_EncoderA)
    i.Read_EncoderB                          0x08001070   Section        0  encoder.o(i.Read_EncoderB)
    i.Receive_Data                           0x0800108c   Section        0  main.o(i.Receive_Data)
    i.SVC_Handler                            0x08001100   Section        0  stm32f10x_it.o(i.SVC_Handler)
    i.SetSysClock                            0x08001102   Section        0  system_stm32f10x.o(i.SetSysClock)
    SetSysClock                              0x08001103   Thumb Code     8  system_stm32f10x.o(i.SetSysClock)
    i.SetSysClockTo72                        0x0800110c   Section        0  system_stm32f10x.o(i.SetSysClockTo72)
    SetSysClockTo72                          0x0800110d   Thumb Code   214  system_stm32f10x.o(i.SetSysClockTo72)
    i.Set_Left_Polarity                      0x080011ec   Section        0  control.o(i.Set_Left_Polarity)
    i.Set_Left_ccr                           0x0800121c   Section        0  control.o(i.Set_Left_ccr)
    i.Set_Right_Polarity                     0x0800122c   Section        0  control.o(i.Set_Right_Polarity)
    i.Set_Right_ccr                          0x0800125c   Section        0  control.o(i.Set_Right_ccr)
    i.SysTick_CLKSourceConfig                0x0800126c   Section        0  misc.o(i.SysTick_CLKSourceConfig)
    i.SysTick_Handler                        0x08001294   Section        0  stm32f10x_it.o(i.SysTick_Handler)
    i.SystemInit                             0x08001298   Section        0  system_stm32f10x.o(i.SystemInit)
    i.TI1_Config                             0x080012f8   Section        0  stm32f10x_tim.o(i.TI1_Config)
    TI1_Config                               0x080012f9   Thumb Code   108  stm32f10x_tim.o(i.TI1_Config)
    i.TI2_Config                             0x08001378   Section        0  stm32f10x_tim.o(i.TI2_Config)
    TI2_Config                               0x08001379   Thumb Code   130  stm32f10x_tim.o(i.TI2_Config)
    i.TI3_Config                             0x08001410   Section        0  stm32f10x_tim.o(i.TI3_Config)
    TI3_Config                               0x08001411   Thumb Code   122  stm32f10x_tim.o(i.TI3_Config)
    i.TI4_Config                             0x080014a0   Section        0  stm32f10x_tim.o(i.TI4_Config)
    TI4_Config                               0x080014a1   Thumb Code   130  stm32f10x_tim.o(i.TI4_Config)
    i.TIM3_IRQHandler                        0x08001538   Section        0  encoder.o(i.TIM3_IRQHandler)
    i.TIM4_IRQHandler                        0x08001550   Section        0  encoder.o(i.TIM4_IRQHandler)
    i.TIM_ClearFlag                          0x08001568   Section        0  stm32f10x_tim.o(i.TIM_ClearFlag)
    i.TIM_Cmd                                0x0800156e   Section        0  stm32f10x_tim.o(i.TIM_Cmd)
    i.TIM_EncoderInterfaceConfig             0x08001586   Section        0  stm32f10x_tim.o(i.TIM_EncoderInterfaceConfig)
    i.TIM_ICInit                             0x080015c8   Section        0  stm32f10x_tim.o(i.TIM_ICInit)
    i.TIM_ICStructInit                       0x08001674   Section        0  stm32f10x_tim.o(i.TIM_ICStructInit)
    i.TIM_ITConfig                           0x08001686   Section        0  stm32f10x_tim.o(i.TIM_ITConfig)
    i.TIM_InternalClockConfig                0x08001698   Section        0  stm32f10x_tim.o(i.TIM_InternalClockConfig)
    i.TIM_OC1Init                            0x080016a4   Section        0  stm32f10x_tim.o(i.TIM_OC1Init)
    i.TIM_OC2Init                            0x0800173c   Section        0  stm32f10x_tim.o(i.TIM_OC2Init)
    i.TIM_OCStructInit                       0x080017e0   Section        0  stm32f10x_tim.o(i.TIM_OCStructInit)
    i.TIM_SetCompare1                        0x080017f4   Section        0  stm32f10x_tim.o(i.TIM_SetCompare1)
    i.TIM_SetCompare2                        0x080017f8   Section        0  stm32f10x_tim.o(i.TIM_SetCompare2)
    i.TIM_SetCounter                         0x080017fc   Section        0  stm32f10x_tim.o(i.TIM_SetCounter)
    i.TIM_SetIC1Prescaler                    0x08001800   Section        0  stm32f10x_tim.o(i.TIM_SetIC1Prescaler)
    i.TIM_SetIC2Prescaler                    0x08001812   Section        0  stm32f10x_tim.o(i.TIM_SetIC2Prescaler)
    i.TIM_SetIC3Prescaler                    0x0800182c   Section        0  stm32f10x_tim.o(i.TIM_SetIC3Prescaler)
    i.TIM_SetIC4Prescaler                    0x0800183e   Section        0  stm32f10x_tim.o(i.TIM_SetIC4Prescaler)
    i.TIM_TimeBaseInit                       0x08001858   Section        0  stm32f10x_tim.o(i.TIM_TimeBaseInit)
    i.TIM_TimeBaseStructInit                 0x080018fc   Section        0  stm32f10x_tim.o(i.TIM_TimeBaseStructInit)
    i.USART1_IRQHandler                      0x08001910   Section        0  usart.o(i.USART1_IRQHandler)
    i.USART2_IRQHandler                      0x080019a8   Section        0  usart2_1.o(i.USART2_IRQHandler)
    i.USART3_IRQHandler                      0x08001a30   Section        0  usart3.o(i.USART3_IRQHandler)
    i.USART_Cmd                              0x08001aa0   Section        0  stm32f10x_usart.o(i.USART_Cmd)
    i.USART_GetITStatus                      0x08001ab8   Section        0  stm32f10x_usart.o(i.USART_GetITStatus)
    i.USART_ITConfig                         0x08001b0c   Section        0  stm32f10x_usart.o(i.USART_ITConfig)
    i.USART_Init                             0x08001b58   Section        0  stm32f10x_usart.o(i.USART_Init)
    i.USART_ReceiveData                      0x08001c30   Section        0  stm32f10x_usart.o(i.USART_ReceiveData)
    i.UsageFault_Handler                     0x08001c3a   Section        0  stm32f10x_it.o(i.UsageFault_Handler)
    i._is_digit                              0x08001c3e   Section        0  __printf_wp.o(i._is_digit)
    i._sys_exit                              0x08001c4c   Section        0  usart2_1.o(i._sys_exit)
    i.clrStruct                              0x08001c54   Section        0  usart.o(i.clrStruct)
    i.delay_init                             0x08001ca0   Section        0  delay.o(i.delay_init)
    i.delay_ms                               0x08001ce4   Section        0  delay.o(i.delay_ms)
    i.delay_us                               0x08001d30   Section        0  delay.o(i.delay_us)
    i.errorLog                               0x08001d7c   Section        0  gps.o(i.errorLog)
    i.fputc                                  0x08001d98   Section        0  usart2_1.o(i.fputc)
    i.main                                   0x08001db4   Section        0  main.o(i.main)
    i.parseGpsBuffer                         0x08001dec   Section        0  gps.o(i.parseGpsBuffer)
    i.printGpsBuffer                         0x08001ed4   Section        0  gps.o(i.printGpsBuffer)
    i.run                                    0x08001f14   Section        0  control.o(i.run)
    i.tb6612_Init                            0x08001fb4   Section        0  tb6612.o(i.tb6612_Init)
    i.uart2_init                             0x08002098   Section        0  usart2_1.o(i.uart2_init)
    i.uart_init                              0x0800213c   Section        0  usart.o(i.uart_init)
    x$fpl$d2f                                0x080021e0   Section       98  d2f.o(x$fpl$d2f)
    x$fpl$ddiv                               0x08002244   Section      688  ddiv.o(x$fpl$ddiv)
    ddiv_entry                               0x0800224b   Thumb Code     0  ddiv.o(x$fpl$ddiv)
    x$fpl$dmul                               0x080024f4   Section      340  dmul.o(x$fpl$dmul)
    x$fpl$dnaninf                            0x08002648   Section      156  dnaninf.o(x$fpl$dnaninf)
    x$fpl$dretinf                            0x080026e4   Section       12  dretinf.o(x$fpl$dretinf)
    x$fpl$f2d                                0x080026f0   Section       86  f2d.o(x$fpl$f2d)
    x$fpl$fdiv                               0x08002748   Section      388  fdiv.o(x$fpl$fdiv)
    _fdiv1                                   0x08002749   Thumb Code     0  fdiv.o(x$fpl$fdiv)
    x$fpl$fflt                               0x080028cc   Section       48  fflt_clz.o(x$fpl$fflt)
    x$fpl$fnaninf                            0x080028fc   Section      140  fnaninf.o(x$fpl$fnaninf)
    x$fpl$fretinf                            0x08002988   Section       10  fretinf.o(x$fpl$fretinf)
    .constdata                               0x08002992   Section       17  __printf_flags_wp.o(.constdata)
    x$fpl$usenofp                            0x08002992   Section        0  usenofp.o(x$fpl$usenofp)
    maptable                                 0x08002992   Data          17  __printf_flags_wp.o(.constdata)
    .data                                    0x20000000   Section       10  main.o(.data)
    .data                                    0x2000000c   Section       20  system_stm32f10x.o(.data)
    .data                                    0x20000020   Section       20  stm32f10x_rcc.o(.data)
    APBAHBPrescTable                         0x20000020   Data          16  stm32f10x_rcc.o(.data)
    ADCPrescTable                            0x20000030   Data           4  stm32f10x_rcc.o(.data)
    .data                                    0x20000034   Section        4  delay.o(.data)
    fac_us                                   0x20000034   Data           1  delay.o(.data)
    fac_ms                                   0x20000036   Data           2  delay.o(.data)
    .data                                    0x20000038   Section        6  usart.o(.data)
    .data                                    0x20000040   Section        6  usart2_1.o(.data)
    .data                                    0x20000046   Section        2  usart3.o(.data)
    .bss                                     0x20000048   Section      321  usart.o(.bss)
    .bss                                     0x20000189   Section      200  usart2_1.o(.bss)
    .bss                                     0x20000251   Section      200  usart3.o(.bss)
    .bss                                     0x2000031c   Section       96  libspace.o(.bss)
    HEAP                                     0x20000380   Section      512  startup_stm32f10x_hd.o(HEAP)
    Heap_Mem                                 0x20000380   Data         512  startup_stm32f10x_hd.o(HEAP)
    STACK                                    0x20000580   Section     1024  startup_stm32f10x_hd.o(STACK)
    Stack_Mem                                0x20000580   Data        1024  startup_stm32f10x_hd.o(STACK)
    __initial_sp                             0x20000980   Data           0  startup_stm32f10x_hd.o(STACK)

    Global Symbols

    Symbol Name                              Value     Ov Type        Size  Object(Section)

    BuildAttributes$$THM_ISAv4$P$D$K$B$S$PE$A:L22UL41UL21$X:L11$S22US41US21$IEEE1$IW$USESV6$~STKCKD$USESV7$~SHL$OTIME$ROPI$IEEEX$EBA8$UX$STANDARDLIB$REQ8$PRES8$EABIv2 0x00000000   Number         0  anon$$obj.o ABSOLUTE
    __ARM_use_no_argv                        0x00000000   Number         0  main.o ABSOLUTE
    _printf_flags                            0x00000000   Number         0  printf_stubs.o ABSOLUTE
    _printf_return_value                     0x00000000   Number         0  printf_stubs.o ABSOLUTE
    _printf_sizespec                         0x00000000   Number         0  printf_stubs.o ABSOLUTE
    _printf_widthprec                        0x00000000   Number         0  printf_stubs.o ABSOLUTE
    __ARM_exceptions_init                     - Undefined Weak Reference
    __alloca_initialize                       - Undefined Weak Reference
    __arm_preinit_                            - Undefined Weak Reference
    __cpp_initialize__aeabi_                  - Undefined Weak Reference
    __cxa_finalize                            - Undefined Weak Reference
    __rt_locale                               - Undefined Weak Reference
    __sigvec_lookup                           - Undefined Weak Reference
    _atexit_init                              - Undefined Weak Reference
    _call_atexit_fns                          - Undefined Weak Reference
    _clock_init                               - Undefined Weak Reference
    _fp_trap_init                             - Undefined Weak Reference
    _fp_trap_shutdown                         - Undefined Weak Reference
    _get_lc_collate                           - Undefined Weak Reference
    _get_lc_ctype                             - Undefined Weak Reference
    _get_lc_monetary                          - Undefined Weak Reference
    _get_lc_numeric                           - Undefined Weak Reference
    _get_lc_time                              - Undefined Weak Reference
    _getenv_init                              - Undefined Weak Reference
    _handle_redirection                       - Undefined Weak Reference
    _init_alloc                               - Undefined Weak Reference
    _init_user_alloc                          - Undefined Weak Reference
    _initio                                   - Undefined Weak Reference
    _mutex_acquire                            - Undefined Weak Reference
    _mutex_release                            - Undefined Weak Reference
    _printf_mbtowc                            - Undefined Weak Reference
    _printf_truncate_signed                   - Undefined Weak Reference
    _printf_truncate_unsigned                 - Undefined Weak Reference
    _rand_init                                - Undefined Weak Reference
    _signal_finish                            - Undefined Weak Reference
    _signal_init                              - Undefined Weak Reference
    _terminate_alloc                          - Undefined Weak Reference
    _terminate_user_alloc                     - Undefined Weak Reference
    _terminateio                              - Undefined Weak Reference
    __Vectors_Size                           0x00000130   Number         0  startup_stm32f10x_hd.o ABSOLUTE
    __Vectors                                0x08000000   Data           4  startup_stm32f10x_hd.o(RESET)
    __Vectors_End                            0x08000130   Data           0  startup_stm32f10x_hd.o(RESET)
    __main                                   0x08000131   Thumb Code     8  __main.o(!!!main)
    __scatterload                            0x08000139   Thumb Code     0  __scatter.o(!!!scatter)
    __scatterload_rt2                        0x08000139   Thumb Code    44  __scatter.o(!!!scatter)
    __scatterload_rt2_thumb_only             0x08000139   Thumb Code     0  __scatter.o(!!!scatter)
    __scatterload_null                       0x08000147   Thumb Code     0  __scatter.o(!!!scatter)
    __scatterload_copy                       0x0800016d   Thumb Code    26  __scatter_copy.o(!!handler_copy)
    __scatterload_zeroinit                   0x08000189   Thumb Code    28  __scatter_zi.o(!!handler_zi)
    _printf_d                                0x080001a5   Thumb Code     0  _printf_d.o(.ARM.Collect$$_printf_percent$$00000009)
    _printf_percent                          0x080001a5   Thumb Code     0  _printf_percent.o(.ARM.Collect$$_printf_percent$$00000000)
    _printf_s                                0x080001ab   Thumb Code     0  _printf_s.o(.ARM.Collect$$_printf_percent$$00000014)
    _printf_percent_end                      0x080001b1   Thumb Code     0  _printf_percent_end.o(.ARM.Collect$$_printf_percent$$00000017)
    __rt_lib_init                            0x080001b5   Thumb Code     0  libinit.o(.ARM.Collect$$libinit$$00000000)
    __rt_lib_init_alloca_1                   0x080001b7   Thumb Code     0  libinit2.o(.ARM.Collect$$libinit$$0000002E)
    __rt_lib_init_argv_1                     0x080001b7   Thumb Code     0  libinit2.o(.ARM.Collect$$libinit$$0000002C)
    __rt_lib_init_atexit_1                   0x080001b7   Thumb Code     0  libinit2.o(.ARM.Collect$$libinit$$0000001B)
    __rt_lib_init_clock_1                    0x080001b7   Thumb Code     0  libinit2.o(.ARM.Collect$$libinit$$00000021)
    __rt_lib_init_cpp_1                      0x080001b7   Thumb Code     0  libinit2.o(.ARM.Collect$$libinit$$00000032)
    __rt_lib_init_exceptions_1               0x080001b7   Thumb Code     0  libinit2.o(.ARM.Collect$$libinit$$00000030)
    __rt_lib_init_fp_1                       0x080001b7   Thumb Code     0  libinit2.o(.ARM.Collect$$libinit$$00000002)
    __rt_lib_init_fp_trap_1                  0x080001b7   Thumb Code     0  libinit2.o(.ARM.Collect$$libinit$$0000001F)
    __rt_lib_init_getenv_1                   0x080001b7   Thumb Code     0  libinit2.o(.ARM.Collect$$libinit$$00000023)
    __rt_lib_init_heap_1                     0x080001b7   Thumb Code     0  libinit2.o(.ARM.Collect$$libinit$$0000000A)
    __rt_lib_init_lc_collate_1               0x080001b7   Thumb Code     0  libinit2.o(.ARM.Collect$$libinit$$00000011)
    __rt_lib_init_lc_ctype_1                 0x080001b7   Thumb Code     0  libinit2.o(.ARM.Collect$$libinit$$00000013)
    __rt_lib_init_lc_monetary_1              0x080001b7   Thumb Code     0  libinit2.o(.ARM.Collect$$libinit$$00000015)
    __rt_lib_init_lc_numeric_1               0x080001b7   Thumb Code     0  libinit2.o(.ARM.Collect$$libinit$$00000017)
    __rt_lib_init_lc_time_1                  0x080001b7   Thumb Code     0  libinit2.o(.ARM.Collect$$libinit$$00000019)
    __rt_lib_init_preinit_1                  0x080001b7   Thumb Code     0  libinit2.o(.ARM.Collect$$libinit$$00000004)
    __rt_lib_init_rand_1                     0x080001b7   Thumb Code     0  libinit2.o(.ARM.Collect$$libinit$$0000000E)
    __rt_lib_init_return                     0x080001b7   Thumb Code     0  libinit2.o(.ARM.Collect$$libinit$$00000033)
    __rt_lib_init_signal_1                   0x080001b7   Thumb Code     0  libinit2.o(.ARM.Collect$$libinit$$0000001D)
    __rt_lib_init_stdio_1                    0x080001b7   Thumb Code     0  libinit2.o(.ARM.Collect$$libinit$$00000025)
    __rt_lib_init_user_alloc_1               0x080001b7   Thumb Code     0  libinit2.o(.ARM.Collect$$libinit$$0000000C)
    __rt_lib_shutdown                        0x080001b9   Thumb Code     0  libshutdown.o(.ARM.Collect$$libshutdown$$00000000)
    __rt_lib_shutdown_cpp_1                  0x080001bb   Thumb Code     0  libshutdown2.o(.ARM.Collect$$libshutdown$$00000002)
    __rt_lib_shutdown_fp_trap_1              0x080001bb   Thumb Code     0  libshutdown2.o(.ARM.Collect$$libshutdown$$00000007)
    __rt_lib_shutdown_heap_1                 0x080001bb   Thumb Code     0  libshutdown2.o(.ARM.Collect$$libshutdown$$0000000F)
    __rt_lib_shutdown_return                 0x080001bb   Thumb Code     0  libshutdown2.o(.ARM.Collect$$libshutdown$$00000010)
    __rt_lib_shutdown_signal_1               0x080001bb   Thumb Code     0  libshutdown2.o(.ARM.Collect$$libshutdown$$0000000A)
    __rt_lib_shutdown_stdio_1                0x080001bb   Thumb Code     0  libshutdown2.o(.ARM.Collect$$libshutdown$$00000004)
    __rt_lib_shutdown_user_alloc_1           0x080001bb   Thumb Code     0  libshutdown2.o(.ARM.Collect$$libshutdown$$0000000C)
    __rt_entry                               0x080001bd   Thumb Code     0  __rtentry.o(.ARM.Collect$$rtentry$$00000000)
    __rt_entry_presh_1                       0x080001bd   Thumb Code     0  __rtentry2.o(.ARM.Collect$$rtentry$$00000002)
    __rt_entry_sh                            0x080001bd   Thumb Code     0  __rtentry4.o(.ARM.Collect$$rtentry$$00000004)
    __rt_entry_li                            0x080001c3   Thumb Code     0  __rtentry2.o(.ARM.Collect$$rtentry$$0000000A)
    __rt_entry_postsh_1                      0x080001c3   Thumb Code     0  __rtentry2.o(.ARM.Collect$$rtentry$$00000009)
    __rt_entry_main                          0x080001c7   Thumb Code     0  __rtentry2.o(.ARM.Collect$$rtentry$$0000000D)
    __rt_entry_postli_1                      0x080001c7   Thumb Code     0  __rtentry2.o(.ARM.Collect$$rtentry$$0000000C)
    __rt_exit                                0x080001cf   Thumb Code     0  rtexit.o(.ARM.Collect$$rtexit$$00000000)
    __rt_exit_ls                             0x080001d1   Thumb Code     0  rtexit2.o(.ARM.Collect$$rtexit$$00000003)
    __rt_exit_prels_1                        0x080001d1   Thumb Code     0  rtexit2.o(.ARM.Collect$$rtexit$$00000002)
    __rt_exit_exit                           0x080001d5   Thumb Code     0  rtexit2.o(.ARM.Collect$$rtexit$$00000004)
    Reset_Handler                            0x080001dd   Thumb Code     8  startup_stm32f10x_hd.o(.text)
    ADC1_2_IRQHandler                        0x080001f7   Thumb Code     0  startup_stm32f10x_hd.o(.text)
    ADC3_IRQHandler                          0x080001f7   Thumb Code     0  startup_stm32f10x_hd.o(.text)
    CAN1_RX1_IRQHandler                      0x080001f7   Thumb Code     0  startup_stm32f10x_hd.o(.text)
    CAN1_SCE_IRQHandler                      0x080001f7   Thumb Code     0  startup_stm32f10x_hd.o(.text)
    DMA1_Channel1_IRQHandler                 0x080001f7   Thumb Code     0  startup_stm32f10x_hd.o(.text)
    DMA1_Channel2_IRQHandler                 0x080001f7   Thumb Code     0  startup_stm32f10x_hd.o(.text)
    DMA1_Channel3_IRQHandler                 0x080001f7   Thumb Code     0  startup_stm32f10x_hd.o(.text)
    DMA1_Channel4_IRQHandler                 0x080001f7   Thumb Code     0  startup_stm32f10x_hd.o(.text)
    DMA1_Channel5_IRQHandler                 0x080001f7   Thumb Code     0  startup_stm32f10x_hd.o(.text)
    DMA1_Channel6_IRQHandler                 0x080001f7   Thumb Code     0  startup_stm32f10x_hd.o(.text)
    DMA1_Channel7_IRQHandler                 0x080001f7   Thumb Code     0  startup_stm32f10x_hd.o(.text)
    DMA2_Channel1_IRQHandler                 0x080001f7   Thumb Code     0  startup_stm32f10x_hd.o(.text)
    DMA2_Channel2_IRQHandler                 0x080001f7   Thumb Code     0  startup_stm32f10x_hd.o(.text)
    DMA2_Channel3_IRQHandler                 0x080001f7   Thumb Code     0  startup_stm32f10x_hd.o(.text)
    DMA2_Channel4_5_IRQHandler               0x080001f7   Thumb Code     0  startup_stm32f10x_hd.o(.text)
    EXTI0_IRQHandler                         0x080001f7   Thumb Code     0  startup_stm32f10x_hd.o(.text)
    EXTI15_10_IRQHandler                     0x080001f7   Thumb Code     0  startup_stm32f10x_hd.o(.text)
    EXTI1_IRQHandler                         0x080001f7   Thumb Code     0  startup_stm32f10x_hd.o(.text)
    EXTI2_IRQHandler                         0x080001f7   Thumb Code     0  startup_stm32f10x_hd.o(.text)
    EXTI3_IRQHandler                         0x080001f7   Thumb Code     0  startup_stm32f10x_hd.o(.text)
    EXTI4_IRQHandler                         0x080001f7   Thumb Code     0  startup_stm32f10x_hd.o(.text)
    EXTI9_5_IRQHandler                       0x080001f7   Thumb Code     0  startup_stm32f10x_hd.o(.text)
    FLASH_IRQHandler                         0x080001f7   Thumb Code     0  startup_stm32f10x_hd.o(.text)
    FSMC_IRQHandler                          0x080001f7   Thumb Code     0  startup_stm32f10x_hd.o(.text)
    I2C1_ER_IRQHandler                       0x080001f7   Thumb Code     0  startup_stm32f10x_hd.o(.text)
    I2C1_EV_IRQHandler                       0x080001f7   Thumb Code     0  startup_stm32f10x_hd.o(.text)
    I2C2_ER_IRQHandler                       0x080001f7   Thumb Code     0  startup_stm32f10x_hd.o(.text)
    I2C2_EV_IRQHandler                       0x080001f7   Thumb Code     0  startup_stm32f10x_hd.o(.text)
    PVD_IRQHandler                           0x080001f7   Thumb Code     0  startup_stm32f10x_hd.o(.text)
    RCC_IRQHandler                           0x080001f7   Thumb Code     0  startup_stm32f10x_hd.o(.text)
    RTCAlarm_IRQHandler                      0x080001f7   Thumb Code     0  startup_stm32f10x_hd.o(.text)
    RTC_IRQHandler                           0x080001f7   Thumb Code     0  startup_stm32f10x_hd.o(.text)
    SDIO_IRQHandler                          0x080001f7   Thumb Code     0  startup_stm32f10x_hd.o(.text)
    SPI1_IRQHandler                          0x080001f7   Thumb Code     0  startup_stm32f10x_hd.o(.text)
    SPI2_IRQHandler                          0x080001f7   Thumb Code     0  startup_stm32f10x_hd.o(.text)
    SPI3_IRQHandler                          0x080001f7   Thumb Code     0  startup_stm32f10x_hd.o(.text)
    TAMPER_IRQHandler                        0x080001f7   Thumb Code     0  startup_stm32f10x_hd.o(.text)
    TIM1_BRK_IRQHandler                      0x080001f7   Thumb Code     0  startup_stm32f10x_hd.o(.text)
    TIM1_CC_IRQHandler                       0x080001f7   Thumb Code     0  startup_stm32f10x_hd.o(.text)
    TIM1_TRG_COM_IRQHandler                  0x080001f7   Thumb Code     0  startup_stm32f10x_hd.o(.text)
    TIM1_UP_IRQHandler                       0x080001f7   Thumb Code     0  startup_stm32f10x_hd.o(.text)
    TIM2_IRQHandler                          0x080001f7   Thumb Code     0  startup_stm32f10x_hd.o(.text)
    TIM5_IRQHandler                          0x080001f7   Thumb Code     0  startup_stm32f10x_hd.o(.text)
    TIM6_IRQHandler                          0x080001f7   Thumb Code     0  startup_stm32f10x_hd.o(.text)
    TIM7_IRQHandler                          0x080001f7   Thumb Code     0  startup_stm32f10x_hd.o(.text)
    TIM8_BRK_IRQHandler                      0x080001f7   Thumb Code     0  startup_stm32f10x_hd.o(.text)
    TIM8_CC_IRQHandler                       0x080001f7   Thumb Code     0  startup_stm32f10x_hd.o(.text)
    TIM8_TRG_COM_IRQHandler                  0x080001f7   Thumb Code     0  startup_stm32f10x_hd.o(.text)
    TIM8_UP_IRQHandler                       0x080001f7   Thumb Code     0  startup_stm32f10x_hd.o(.text)
    UART4_IRQHandler                         0x080001f7   Thumb Code     0  startup_stm32f10x_hd.o(.text)
    UART5_IRQHandler                         0x080001f7   Thumb Code     0  startup_stm32f10x_hd.o(.text)
    USBWakeUp_IRQHandler                     0x080001f7   Thumb Code     0  startup_stm32f10x_hd.o(.text)
    USB_HP_CAN1_TX_IRQHandler                0x080001f7   Thumb Code     0  startup_stm32f10x_hd.o(.text)
    USB_LP_CAN1_RX0_IRQHandler               0x080001f7   Thumb Code     0  startup_stm32f10x_hd.o(.text)
    WWDG_IRQHandler                          0x080001f7   Thumb Code     0  startup_stm32f10x_hd.o(.text)
    __user_initial_stackheap                 0x080001f9   Thumb Code     0  startup_stm32f10x_hd.o(.text)
    __use_no_semihosting                     0x0800021d   Thumb Code     2  use_no_semi_2.o(.text)
    __2printf                                0x08000221   Thumb Code    20  noretval__2printf.o(.text)
    _printf_str                              0x08000239   Thumb Code    82  _printf_str.o(.text)
    _printf_int_dec                          0x0800028d   Thumb Code   104  _printf_dec.o(.text)
    __printf                                 0x08000305   Thumb Code   308  __printf_flags_wp.o(.text)
    strstr                                   0x0800043d   Thumb Code    36  strstr.o(.text)
    __aeabi_memcpy                           0x08000461   Thumb Code     0  rt_memcpy_v6.o(.text)
    __rt_memcpy                              0x08000461   Thumb Code   138  rt_memcpy_v6.o(.text)
    _memcpy_lastbytes                        0x080004c7   Thumb Code     0  rt_memcpy_v6.o(.text)
    __aeabi_memclr                           0x080004eb   Thumb Code     0  rt_memclr.o(.text)
    __rt_memclr                              0x080004eb   Thumb Code    68  rt_memclr.o(.text)
    _memset                                  0x080004ef   Thumb Code     0  rt_memclr.o(.text)
    __use_two_region_memory                  0x0800052f   Thumb Code     2  heapauxi.o(.text)
    __rt_heap_escrow$2region                 0x08000531   Thumb Code     2  heapauxi.o(.text)
    __rt_heap_expand$2region                 0x08000533   Thumb Code     2  heapauxi.o(.text)
    __I$use$semihosting                      0x08000535   Thumb Code     0  use_no_semi.o(.text)
    __use_no_semihosting_swi                 0x08000535   Thumb Code     2  use_no_semi.o(.text)
    _printf_int_common                       0x08000537   Thumb Code   178  _printf_intcommon.o(.text)
    _printf_cs_common                        0x080005e9   Thumb Code    20  _printf_char.o(.text)
    _printf_char                             0x080005fd   Thumb Code    16  _printf_char.o(.text)
    _printf_string                           0x0800060d   Thumb Code     8  _printf_char.o(.text)
    _printf_char_file                        0x08000615   Thumb Code    32  _printf_char_file.o(.text)
    __aeabi_memcpy4                          0x08000639   Thumb Code     0  rt_memcpy_w.o(.text)
    __aeabi_memcpy8                          0x08000639   Thumb Code     0  rt_memcpy_w.o(.text)
    __rt_memcpy_w                            0x08000639   Thumb Code   100  rt_memcpy_w.o(.text)
    _memcpy_lastbytes_aligned                0x08000681   Thumb Code     0  rt_memcpy_w.o(.text)
    __aeabi_memclr4                          0x0800069d   Thumb Code     0  rt_memclr_w.o(.text)
    __aeabi_memclr8                          0x0800069d   Thumb Code     0  rt_memclr_w.o(.text)
    __rt_memclr_w                            0x0800069d   Thumb Code    78  rt_memclr_w.o(.text)
    _memset_w                                0x080006a1   Thumb Code     0  rt_memclr_w.o(.text)
    _printf_char_common                      0x080006f7   Thumb Code    32  _printf_char_common.o(.text)
    ferror                                   0x0800071d   Thumb Code     8  ferror.o(.text)
    __user_libspace                          0x08000725   Thumb Code     8  libspace.o(.text)
    __user_perproc_libspace                  0x08000725   Thumb Code     0  libspace.o(.text)
    __user_perthread_libspace                0x08000725   Thumb Code     0  libspace.o(.text)
    __user_setup_stackheap                   0x0800072d   Thumb Code    74  sys_stackheap_outer.o(.text)
    exit                                     0x08000777   Thumb Code    18  exit.o(.text)
    BusFault_Handler                         0x08000789   Thumb Code     4  stm32f10x_it.o(i.BusFault_Handler)
    CLR_Buf                                  0x0800078d   Thumb Code    18  usart.o(i.CLR_Buf)
    DebugMon_Handler                         0x080007a9   Thumb Code     2  stm32f10x_it.o(i.DebugMon_Handler)
    Encoder_Init_TIM3                        0x080007ad   Thumb Code   156  encoder.o(i.Encoder_Init_TIM3)
    Encoder_Init_TIM4                        0x08000851   Thumb Code   156  encoder.o(i.Encoder_Init_TIM4)
    GPIO_Init                                0x080008f5   Thumb Code   278  stm32f10x_gpio.o(i.GPIO_Init)
    GPIO_ResetBits                           0x08000a0b   Thumb Code     4  stm32f10x_gpio.o(i.GPIO_ResetBits)
    GPIO_SetBits                             0x08000a0f   Thumb Code     4  stm32f10x_gpio.o(i.GPIO_SetBits)
    Get_Speed                                0x08000a15   Thumb Code   104  main.o(i.Get_Speed)
    Gps_Handle                               0x08000a95   Thumb Code    12  main.o(i.Gps_Handle)
    HardFault_Handler                        0x08000aa1   Thumb Code     4  stm32f10x_it.o(i.HardFault_Handler)
    MPU_IIC_Ack                              0x08000aa5   Thumb Code    62  mpuiic.o(i.MPU_IIC_Ack)
    MPU_IIC_Delay                            0x08000af1   Thumb Code    10  mpuiic.o(i.MPU_IIC_Delay)
    MPU_IIC_Init                             0x08000afd   Thumb Code    46  mpuiic.o(i.MPU_IIC_Init)
    MPU_IIC_NAck                             0x08000b31   Thumb Code    62  mpuiic.o(i.MPU_IIC_NAck)
    MPU_IIC_Read_Byte                        0x08000b7d   Thumb Code    94  mpuiic.o(i.MPU_IIC_Read_Byte)
    MPU_IIC_Send_Byte                        0x08000be9   Thumb Code    80  mpuiic.o(i.MPU_IIC_Send_Byte)
    MPU_IIC_Start                            0x08000c45   Thumb Code    60  mpuiic.o(i.MPU_IIC_Start)
    MPU_IIC_Stop                             0x08000c8d   Thumb Code    58  mpuiic.o(i.MPU_IIC_Stop)
    MPU_IIC_Wait_Ack                         0x08000cd5   Thumb Code    86  mpuiic.o(i.MPU_IIC_Wait_Ack)
    MPU_Init                                 0x08000d39   Thumb Code   122  mpu6050.o(i.MPU_Init)
    MPU_Read_Byte                            0x08000db3   Thumb Code    58  mpu6050.o(i.MPU_Read_Byte)
    MPU_Set_Accel_Fsr                        0x08000ded   Thumb Code    16  mpu6050.o(i.MPU_Set_Accel_Fsr)
    MPU_Set_Gyro_Fsr                         0x08000dfd   Thumb Code    16  mpu6050.o(i.MPU_Set_Gyro_Fsr)
    MPU_Set_LPF                              0x08000e0d   Thumb Code    58  mpu6050.o(i.MPU_Set_LPF)
    MPU_Set_Rate                             0x08000e47   Thumb Code    58  mpu6050.o(i.MPU_Set_Rate)
    MPU_Write_Byte                           0x08000e81   Thumb Code    68  mpu6050.o(i.MPU_Write_Byte)
    MemManage_Handler                        0x08000ec5   Thumb Code     4  stm32f10x_it.o(i.MemManage_Handler)
    NMI_Handler                              0x08000ec9   Thumb Code     2  stm32f10x_it.o(i.NMI_Handler)
    NVIC_Init                                0x08000ecd   Thumb Code   100  misc.o(i.NVIC_Init)
    PendSV_Handler                           0x08000f3d   Thumb Code     2  stm32f10x_it.o(i.PendSV_Handler)
    RCC_APB1PeriphClockCmd                   0x08000f41   Thumb Code    26  stm32f10x_rcc.o(i.RCC_APB1PeriphClockCmd)
    RCC_APB2PeriphClockCmd                   0x08000f61   Thumb Code    26  stm32f10x_rcc.o(i.RCC_APB2PeriphClockCmd)
    RCC_GetClocksFreq                        0x08000f81   Thumb Code   192  stm32f10x_rcc.o(i.RCC_GetClocksFreq)
    Read_EncoderA                            0x08001055   Thumb Code    24  encoder.o(i.Read_EncoderA)
    Read_EncoderB                            0x08001071   Thumb Code    24  encoder.o(i.Read_EncoderB)
    Receive_Data                             0x0800108d   Thumb Code    90  main.o(i.Receive_Data)
    SVC_Handler                              0x08001101   Thumb Code     2  stm32f10x_it.o(i.SVC_Handler)
    Set_Left_Polarity                        0x080011ed   Thumb Code    44  control.o(i.Set_Left_Polarity)
    Set_Left_ccr                             0x0800121d   Thumb Code    16  control.o(i.Set_Left_ccr)
    Set_Right_Polarity                       0x0800122d   Thumb Code    44  control.o(i.Set_Right_Polarity)
    Set_Right_ccr                            0x0800125d   Thumb Code    16  control.o(i.Set_Right_ccr)
    SysTick_CLKSourceConfig                  0x0800126d   Thumb Code    40  misc.o(i.SysTick_CLKSourceConfig)
    SysTick_Handler                          0x08001295   Thumb Code     2  stm32f10x_it.o(i.SysTick_Handler)
    SystemInit                               0x08001299   Thumb Code    78  system_stm32f10x.o(i.SystemInit)
    TIM3_IRQHandler                          0x08001539   Thumb Code    18  encoder.o(i.TIM3_IRQHandler)
    TIM4_IRQHandler                          0x08001551   Thumb Code    18  encoder.o(i.TIM4_IRQHandler)
    TIM_ClearFlag                            0x08001569   Thumb Code     6  stm32f10x_tim.o(i.TIM_ClearFlag)
    TIM_Cmd                                  0x0800156f   Thumb Code    24  stm32f10x_tim.o(i.TIM_Cmd)
    TIM_EncoderInterfaceConfig               0x08001587   Thumb Code    66  stm32f10x_tim.o(i.TIM_EncoderInterfaceConfig)
    TIM_ICInit                               0x080015c9   Thumb Code   150  stm32f10x_tim.o(i.TIM_ICInit)
    TIM_ICStructInit                         0x08001675   Thumb Code    18  stm32f10x_tim.o(i.TIM_ICStructInit)
    TIM_ITConfig                             0x08001687   Thumb Code    18  stm32f10x_tim.o(i.TIM_ITConfig)
    TIM_InternalClockConfig                  0x08001699   Thumb Code    12  stm32f10x_tim.o(i.TIM_InternalClockConfig)
    TIM_OC1Init                              0x080016a5   Thumb Code   132  stm32f10x_tim.o(i.TIM_OC1Init)
    TIM_OC2Init                              0x0800173d   Thumb Code   154  stm32f10x_tim.o(i.TIM_OC2Init)
    TIM_OCStructInit                         0x080017e1   Thumb Code    20  stm32f10x_tim.o(i.TIM_OCStructInit)
    TIM_SetCompare1                          0x080017f5   Thumb Code     4  stm32f10x_tim.o(i.TIM_SetCompare1)
    TIM_SetCompare2                          0x080017f9   Thumb Code     4  stm32f10x_tim.o(i.TIM_SetCompare2)
    TIM_SetCounter                           0x080017fd   Thumb Code     4  stm32f10x_tim.o(i.TIM_SetCounter)
    TIM_SetIC1Prescaler                      0x08001801   Thumb Code    18  stm32f10x_tim.o(i.TIM_SetIC1Prescaler)
    TIM_SetIC2Prescaler                      0x08001813   Thumb Code    26  stm32f10x_tim.o(i.TIM_SetIC2Prescaler)
    TIM_SetIC3Prescaler                      0x0800182d   Thumb Code    18  stm32f10x_tim.o(i.TIM_SetIC3Prescaler)
    TIM_SetIC4Prescaler                      0x0800183f   Thumb Code    26  stm32f10x_tim.o(i.TIM_SetIC4Prescaler)
    TIM_TimeBaseInit                         0x08001859   Thumb Code   122  stm32f10x_tim.o(i.TIM_TimeBaseInit)
    TIM_TimeBaseStructInit                   0x080018fd   Thumb Code    18  stm32f10x_tim.o(i.TIM_TimeBaseStructInit)
    USART1_IRQHandler                        0x08001911   Thumb Code   134  usart.o(i.USART1_IRQHandler)
    USART2_IRQHandler                        0x080019a9   Thumb Code   122  usart2_1.o(i.USART2_IRQHandler)
    USART3_IRQHandler                        0x08001a31   Thumb Code    94  usart3.o(i.USART3_IRQHandler)
    USART_Cmd                                0x08001aa1   Thumb Code    24  stm32f10x_usart.o(i.USART_Cmd)
    USART_GetITStatus                        0x08001ab9   Thumb Code    84  stm32f10x_usart.o(i.USART_GetITStatus)
    USART_ITConfig                           0x08001b0d   Thumb Code    74  stm32f10x_usart.o(i.USART_ITConfig)
    USART_Init                               0x08001b59   Thumb Code   210  stm32f10x_usart.o(i.USART_Init)
    USART_ReceiveData                        0x08001c31   Thumb Code    10  stm32f10x_usart.o(i.USART_ReceiveData)
    UsageFault_Handler                       0x08001c3b   Thumb Code     4  stm32f10x_it.o(i.UsageFault_Handler)
    _is_digit                                0x08001c3f   Thumb Code    14  __printf_wp.o(i._is_digit)
    _sys_exit                                0x08001c4d   Thumb Code     6  usart2_1.o(i._sys_exit)
    clrStruct                                0x08001c55   Thumb Code    72  usart.o(i.clrStruct)
    delay_init                               0x08001ca1   Thumb Code    50  delay.o(i.delay_init)
    delay_ms                                 0x08001ce5   Thumb Code    72  delay.o(i.delay_ms)
    delay_us                                 0x08001d31   Thumb Code    72  delay.o(i.delay_us)
    errorLog                                 0x08001d7d   Thumb Code    14  gps.o(i.errorLog)
    fputc                                    0x08001d99   Thumb Code    24  usart2_1.o(i.fputc)
    main                                     0x08001db5   Thumb Code    56  main.o(i.main)
    parseGpsBuffer                           0x08001ded   Thumb Code   222  gps.o(i.parseGpsBuffer)
    printGpsBuffer                           0x08001ed5   Thumb Code    48  gps.o(i.printGpsBuffer)
    run                                      0x08001f15   Thumb Code   160  control.o(i.run)
    tb6612_Init                              0x08001fb5   Thumb Code   220  tb6612.o(i.tb6612_Init)
    uart2_init                               0x08002099   Thumb Code   154  usart2_1.o(i.uart2_init)
    uart_init                                0x0800213d   Thumb Code   156  usart.o(i.uart_init)
    __aeabi_d2f                              0x080021e1   Thumb Code     0  d2f.o(x$fpl$d2f)
    _d2f                                     0x080021e1   Thumb Code    98  d2f.o(x$fpl$d2f)
    __aeabi_ddiv                             0x08002245   Thumb Code     0  ddiv.o(x$fpl$ddiv)
    _ddiv                                    0x08002245   Thumb Code   552  ddiv.o(x$fpl$ddiv)
    __aeabi_dmul                             0x080024f5   Thumb Code     0  dmul.o(x$fpl$dmul)
    _dmul                                    0x080024f5   Thumb Code   332  dmul.o(x$fpl$dmul)
    __fpl_dnaninf                            0x08002649   Thumb Code   156  dnaninf.o(x$fpl$dnaninf)
    __fpl_dretinf                            0x080026e5   Thumb Code    12  dretinf.o(x$fpl$dretinf)
    __aeabi_f2d                              0x080026f1   Thumb Code     0  f2d.o(x$fpl$f2d)
    _f2d                                     0x080026f1   Thumb Code    86  f2d.o(x$fpl$f2d)
    __aeabi_fdiv                             0x08002749   Thumb Code     0  fdiv.o(x$fpl$fdiv)
    _fdiv                                    0x08002749   Thumb Code   384  fdiv.o(x$fpl$fdiv)
    __aeabi_i2f                              0x080028cd   Thumb Code     0  fflt_clz.o(x$fpl$fflt)
    _fflt                                    0x080028cd   Thumb Code    48  fflt_clz.o(x$fpl$fflt)
    __fpl_fnaninf                            0x080028fd   Thumb Code   140  fnaninf.o(x$fpl$fnaninf)
    __fpl_fretinf                            0x08002989   Thumb Code    10  fretinf.o(x$fpl$fretinf)
    __I$use$fp                               0x08002992   Number         0  usenofp.o(x$fpl$usenofp)
    Region$$Table$$Base                      0x080029a4   Number         0  anon$$obj.o(Region$$Table)
    Region$$Table$$Limit                     0x080029c4   Number         0  anon$$obj.o(Region$$Table)
    a                                        0x20000000   Data           4  main.o(.data)
    b                                        0x20000004   Data           4  main.o(.data)
    command                                  0x20000008   Data           1  main.o(.data)
    STA_Flag                                 0x20000009   Data           1  main.o(.data)
    SystemCoreClock                          0x2000000c   Data           4  system_stm32f10x.o(.data)
    AHBPrescTable                            0x20000010   Data          16  system_stm32f10x.o(.data)
    rxdatabufer                              0x20000038   Data           1  usart.o(.data)
    point1                                   0x2000003a   Data           2  usart.o(.data)
    USART_RX_STA                             0x2000003c   Data           2  usart.o(.data)
    __stdout                                 0x20000040   Data           4  usart2_1.o(.data)
    USART2_RX_STA                            0x20000044   Data           2  usart2_1.o(.data)
    USART3_RX_STA                            0x20000046   Data           2  usart3.o(.data)
    Save_Data                                0x20000048   Data         121  usart.o(.bss)
    USART_RX_BUF                             0x200000c1   Data         200  usart.o(.bss)
    USART2_RX_BUF                            0x20000189   Data         200  usart2_1.o(.bss)
    USART3_RX_BUF                            0x20000251   Data         200  usart3.o(.bss)
    __libspace_start                         0x2000031c   Data          96  libspace.o(.bss)
    __temporary_stack_top$libspace           0x2000037c   Data           0  libspace.o(.bss)



==============================================================================

Memory Map of the image

  Image Entry point : 0x08000131

  Load Region LR_IROM1 (Base: 0x08000000, Size: 0x00002a0c, Max: 0x00040000, ABSOLUTE)

    Execution Region ER_IROM1 (Exec base: 0x08000000, Load base: 0x08000000, Size: 0x000029c4, Max: 0x00040000, ABSOLUTE)

    Exec Addr    Load Addr    Size         Type   Attr      Idx    E Section Name        Object

    0x08000000   0x08000000   0x00000130   Data   RO          360    RESET               startup_stm32f10x_hd.o
    0x08000130   0x08000130   0x00000008   Code   RO         4467  * !!!main             c_w.l(__main.o)
    0x08000138   0x08000138   0x00000034   Code   RO         4794    !!!scatter          c_w.l(__scatter.o)
    0x0800016c   0x0800016c   0x0000001a   Code   RO         4796    !!handler_copy      c_w.l(__scatter_copy.o)
    0x08000186   0x08000186   0x00000002   PAD
    0x08000188   0x08000188   0x0000001c   Code   RO         4798    !!handler_zi        c_w.l(__scatter_zi.o)
    0x080001a4   0x080001a4   0x00000000   Code   RO         4454    .ARM.Collect$$_printf_percent$$00000000  c_w.l(_printf_percent.o)
    0x080001a4   0x080001a4   0x00000006   Code   RO         4453    .ARM.Collect$$_printf_percent$$00000009  c_w.l(_printf_d.o)
    0x080001aa   0x080001aa   0x00000006   Code   RO         4451    .ARM.Collect$$_printf_percent$$00000014  c_w.l(_printf_s.o)
    0x080001b0   0x080001b0   0x00000004   Code   RO         4564    .ARM.Collect$$_printf_percent$$00000017  c_w.l(_printf_percent_end.o)
    0x080001b4   0x080001b4   0x00000002   Code   RO         4661    .ARM.Collect$$libinit$$00000000  c_w.l(libinit.o)
    0x080001b6   0x080001b6   0x00000000   Code   RO         4673    .ARM.Collect$$libinit$$00000002  c_w.l(libinit2.o)
    0x080001b6   0x080001b6   0x00000000   Code   RO         4675    .ARM.Collect$$libinit$$00000004  c_w.l(libinit2.o)
    0x080001b6   0x080001b6   0x00000000   Code   RO         4678    .ARM.Collect$$libinit$$0000000A  c_w.l(libinit2.o)
    0x080001b6   0x080001b6   0x00000000   Code   RO         4680    .ARM.Collect$$libinit$$0000000C  c_w.l(libinit2.o)
    0x080001b6   0x080001b6   0x00000000   Code   RO         4682    .ARM.Collect$$libinit$$0000000E  c_w.l(libinit2.o)
    0x080001b6   0x080001b6   0x00000000   Code   RO         4685    .ARM.Collect$$libinit$$00000011  c_w.l(libinit2.o)
    0x080001b6   0x080001b6   0x00000000   Code   RO         4687    .ARM.Collect$$libinit$$00000013  c_w.l(libinit2.o)
    0x080001b6   0x080001b6   0x00000000   Code   RO         4689    .ARM.Collect$$libinit$$00000015  c_w.l(libinit2.o)
    0x080001b6   0x080001b6   0x00000000   Code   RO         4691    .ARM.Collect$$libinit$$00000017  c_w.l(libinit2.o)
    0x080001b6   0x080001b6   0x00000000   Code   RO         4693    .ARM.Collect$$libinit$$00000019  c_w.l(libinit2.o)
    0x080001b6   0x080001b6   0x00000000   Code   RO         4695    .ARM.Collect$$libinit$$0000001B  c_w.l(libinit2.o)
    0x080001b6   0x080001b6   0x00000000   Code   RO         4697    .ARM.Collect$$libinit$$0000001D  c_w.l(libinit2.o)
    0x080001b6   0x080001b6   0x00000000   Code   RO         4699    .ARM.Collect$$libinit$$0000001F  c_w.l(libinit2.o)
    0x080001b6   0x080001b6   0x00000000   Code   RO         4701    .ARM.Collect$$libinit$$00000021  c_w.l(libinit2.o)
    0x080001b6   0x080001b6   0x00000000   Code   RO         4703    .ARM.Collect$$libinit$$00000023  c_w.l(libinit2.o)
    0x080001b6   0x080001b6   0x00000000   Code   RO         4705    .ARM.Collect$$libinit$$00000025  c_w.l(libinit2.o)
    0x080001b6   0x080001b6   0x00000000   Code   RO         4709    .ARM.Collect$$libinit$$0000002C  c_w.l(libinit2.o)
    0x080001b6   0x080001b6   0x00000000   Code   RO         4711    .ARM.Collect$$libinit$$0000002E  c_w.l(libinit2.o)
    0x080001b6   0x080001b6   0x00000000   Code   RO         4713    .ARM.Collect$$libinit$$00000030  c_w.l(libinit2.o)
    0x080001b6   0x080001b6   0x00000000   Code   RO         4715    .ARM.Collect$$libinit$$00000032  c_w.l(libinit2.o)
    0x080001b6   0x080001b6   0x00000002   Code   RO         4716    .ARM.Collect$$libinit$$00000033  c_w.l(libinit2.o)
    0x080001b8   0x080001b8   0x00000002   Code   RO         4746    .ARM.Collect$$libshutdown$$00000000  c_w.l(libshutdown.o)
    0x080001ba   0x080001ba   0x00000000   Code   RO         4760    .ARM.Collect$$libshutdown$$00000002  c_w.l(libshutdown2.o)
    0x080001ba   0x080001ba   0x00000000   Code   RO         4762    .ARM.Collect$$libshutdown$$00000004  c_w.l(libshutdown2.o)
    0x080001ba   0x080001ba   0x00000000   Code   RO         4765    .ARM.Collect$$libshutdown$$00000007  c_w.l(libshutdown2.o)
    0x080001ba   0x080001ba   0x00000000   Code   RO         4768    .ARM.Collect$$libshutdown$$0000000A  c_w.l(libshutdown2.o)
    0x080001ba   0x080001ba   0x00000000   Code   RO         4770    .ARM.Collect$$libshutdown$$0000000C  c_w.l(libshutdown2.o)
    0x080001ba   0x080001ba   0x00000000   Code   RO         4773    .ARM.Collect$$libshutdown$$0000000F  c_w.l(libshutdown2.o)
    0x080001ba   0x080001ba   0x00000002   Code   RO         4774    .ARM.Collect$$libshutdown$$00000010  c_w.l(libshutdown2.o)
    0x080001bc   0x080001bc   0x00000000   Code   RO         4553    .ARM.Collect$$rtentry$$00000000  c_w.l(__rtentry.o)
    0x080001bc   0x080001bc   0x00000000   Code   RO         4610    .ARM.Collect$$rtentry$$00000002  c_w.l(__rtentry2.o)
    0x080001bc   0x080001bc   0x00000006   Code   RO         4622    .ARM.Collect$$rtentry$$00000004  c_w.l(__rtentry4.o)
    0x080001c2   0x080001c2   0x00000000   Code   RO         4612    .ARM.Collect$$rtentry$$00000009  c_w.l(__rtentry2.o)
    0x080001c2   0x080001c2   0x00000004   Code   RO         4613    .ARM.Collect$$rtentry$$0000000A  c_w.l(__rtentry2.o)
    0x080001c6   0x080001c6   0x00000000   Code   RO         4615    .ARM.Collect$$rtentry$$0000000C  c_w.l(__rtentry2.o)
    0x080001c6   0x080001c6   0x00000008   Code   RO         4616    .ARM.Collect$$rtentry$$0000000D  c_w.l(__rtentry2.o)
    0x080001ce   0x080001ce   0x00000002   Code   RO         4666    .ARM.Collect$$rtexit$$00000000  c_w.l(rtexit.o)
    0x080001d0   0x080001d0   0x00000000   Code   RO         4720    .ARM.Collect$$rtexit$$00000002  c_w.l(rtexit2.o)
    0x080001d0   0x080001d0   0x00000004   Code   RO         4721    .ARM.Collect$$rtexit$$00000003  c_w.l(rtexit2.o)
    0x080001d4   0x080001d4   0x00000006   Code   RO         4722    .ARM.Collect$$rtexit$$00000004  c_w.l(rtexit2.o)
    0x080001da   0x080001da   0x00000002   PAD
    0x080001dc   0x080001dc   0x00000040   Code   RO          361    .text               startup_stm32f10x_hd.o
    0x0800021c   0x0800021c   0x00000002   Code   RO         4394    .text               c_w.l(use_no_semi_2.o)
    0x0800021e   0x0800021e   0x00000002   PAD
    0x08000220   0x08000220   0x00000018   Code   RO         4400    .text               c_w.l(noretval__2printf.o)
    0x08000238   0x08000238   0x00000052   Code   RO         4406    .text               c_w.l(_printf_str.o)
    0x0800028a   0x0800028a   0x00000002   PAD
    0x0800028c   0x0800028c   0x00000078   Code   RO         4408    .text               c_w.l(_printf_dec.o)
    0x08000304   0x08000304   0x00000138   Code   RO         4443    .text               c_w.l(__printf_flags_wp.o)
    0x0800043c   0x0800043c   0x00000024   Code   RO         4455    .text               c_w.l(strstr.o)
    0x08000460   0x08000460   0x0000008a   Code   RO         4459    .text               c_w.l(rt_memcpy_v6.o)
    0x080004ea   0x080004ea   0x00000044   Code   RO         4463    .text               c_w.l(rt_memclr.o)
    0x0800052e   0x0800052e   0x00000006   Code   RO         4465    .text               c_w.l(heapauxi.o)
    0x08000534   0x08000534   0x00000002   Code   RO         4551    .text               c_w.l(use_no_semi.o)
    0x08000536   0x08000536   0x000000b2   Code   RO         4558    .text               c_w.l(_printf_intcommon.o)
    0x080005e8   0x080005e8   0x0000002c   Code   RO         4560    .text               c_w.l(_printf_char.o)
    0x08000614   0x08000614   0x00000024   Code   RO         4562    .text               c_w.l(_printf_char_file.o)
    0x08000638   0x08000638   0x00000064   Code   RO         4565    .text               c_w.l(rt_memcpy_w.o)
    0x0800069c   0x0800069c   0x0000004e   Code   RO         4567    .text               c_w.l(rt_memclr_w.o)
    0x080006ea   0x080006ea   0x00000002   PAD
    0x080006ec   0x080006ec   0x00000030   Code   RO         4633    .text               c_w.l(_printf_char_common.o)
    0x0800071c   0x0800071c   0x00000008   Code   RO         4635    .text               c_w.l(ferror.o)
    0x08000724   0x08000724   0x00000008   Code   RO         4645    .text               c_w.l(libspace.o)
    0x0800072c   0x0800072c   0x0000004a   Code   RO         4648    .text               c_w.l(sys_stackheap_outer.o)
    0x08000776   0x08000776   0x00000012   Code   RO         4654    .text               c_w.l(exit.o)
    0x08000788   0x08000788   0x00000004   Code   RO          167    i.BusFault_Handler  stm32f10x_it.o
    0x0800078c   0x0800078c   0x0000001c   Code   RO         3418    i.CLR_Buf           usart.o
    0x080007a8   0x080007a8   0x00000002   Code   RO          168    i.DebugMon_Handler  stm32f10x_it.o
    0x080007aa   0x080007aa   0x00000002   PAD
    0x080007ac   0x080007ac   0x000000a4   Code   RO         3617    i.Encoder_Init_TIM3  encoder.o
    0x08000850   0x08000850   0x000000a4   Code   RO         3618    i.Encoder_Init_TIM4  encoder.o
    0x080008f4   0x080008f4   0x00000116   Code   RO         1542    i.GPIO_Init         stm32f10x_gpio.o
    0x08000a0a   0x08000a0a   0x00000004   Code   RO         1549    i.GPIO_ResetBits    stm32f10x_gpio.o
    0x08000a0e   0x08000a0e   0x00000004   Code   RO         1550    i.GPIO_SetBits      stm32f10x_gpio.o
    0x08000a12   0x08000a12   0x00000002   PAD
    0x08000a14   0x08000a14   0x00000080   Code   RO            1    i.Get_Speed         main.o
    0x08000a94   0x08000a94   0x0000000c   Code   RO            2    i.Gps_Handle        main.o
    0x08000aa0   0x08000aa0   0x00000004   Code   RO          169    i.HardFault_Handler  stm32f10x_it.o
    0x08000aa4   0x08000aa4   0x0000004c   Code   RO         4332    i.MPU_IIC_Ack       mpuiic.o
    0x08000af0   0x08000af0   0x0000000a   Code   RO         4333    i.MPU_IIC_Delay     mpuiic.o
    0x08000afa   0x08000afa   0x00000002   PAD
    0x08000afc   0x08000afc   0x00000034   Code   RO         4334    i.MPU_IIC_Init      mpuiic.o
    0x08000b30   0x08000b30   0x0000004c   Code   RO         4335    i.MPU_IIC_NAck      mpuiic.o
    0x08000b7c   0x08000b7c   0x0000006c   Code   RO         4336    i.MPU_IIC_Read_Byte  mpuiic.o
    0x08000be8   0x08000be8   0x0000005c   Code   RO         4337    i.MPU_IIC_Send_Byte  mpuiic.o
    0x08000c44   0x08000c44   0x00000048   Code   RO         4338    i.MPU_IIC_Start     mpuiic.o
    0x08000c8c   0x08000c8c   0x00000048   Code   RO         4339    i.MPU_IIC_Stop      mpuiic.o
    0x08000cd4   0x08000cd4   0x00000064   Code   RO         4340    i.MPU_IIC_Wait_Ack  mpuiic.o
    0x08000d38   0x08000d38   0x0000007a   Code   RO         4253    i.MPU_Init          mpu6050.o
    0x08000db2   0x08000db2   0x0000003a   Code   RO         4254    i.MPU_Read_Byte     mpu6050.o
    0x08000dec   0x08000dec   0x00000010   Code   RO         4256    i.MPU_Set_Accel_Fsr  mpu6050.o
    0x08000dfc   0x08000dfc   0x00000010   Code   RO         4257    i.MPU_Set_Gyro_Fsr  mpu6050.o
    0x08000e0c   0x08000e0c   0x0000003a   Code   RO         4258    i.MPU_Set_LPF       mpu6050.o
    0x08000e46   0x08000e46   0x0000003a   Code   RO         4259    i.MPU_Set_Rate      mpu6050.o
    0x08000e80   0x08000e80   0x00000044   Code   RO         4260    i.MPU_Write_Byte    mpu6050.o
    0x08000ec4   0x08000ec4   0x00000004   Code   RO          170    i.MemManage_Handler  stm32f10x_it.o
    0x08000ec8   0x08000ec8   0x00000002   Code   RO          171    i.NMI_Handler       stm32f10x_it.o
    0x08000eca   0x08000eca   0x00000002   PAD
    0x08000ecc   0x08000ecc   0x00000070   Code   RO          365    i.NVIC_Init         misc.o
    0x08000f3c   0x08000f3c   0x00000002   Code   RO          172    i.PendSV_Handler    stm32f10x_it.o
    0x08000f3e   0x08000f3e   0x00000002   PAD
    0x08000f40   0x08000f40   0x00000020   Code   RO         1958    i.RCC_APB1PeriphClockCmd  stm32f10x_rcc.o
    0x08000f60   0x08000f60   0x00000020   Code   RO         1960    i.RCC_APB2PeriphClockCmd  stm32f10x_rcc.o
    0x08000f80   0x08000f80   0x000000d4   Code   RO         1968    i.RCC_GetClocksFreq  stm32f10x_rcc.o
    0x08001054   0x08001054   0x0000001c   Code   RO         3619    i.Read_EncoderA     encoder.o
    0x08001070   0x08001070   0x0000001c   Code   RO         3620    i.Read_EncoderB     encoder.o
    0x0800108c   0x0800108c   0x00000074   Code   RO            3    i.Receive_Data      main.o
    0x08001100   0x08001100   0x00000002   Code   RO          173    i.SVC_Handler       stm32f10x_it.o
    0x08001102   0x08001102   0x00000008   Code   RO          313    i.SetSysClock       system_stm32f10x.o
    0x0800110a   0x0800110a   0x00000002   PAD
    0x0800110c   0x0800110c   0x000000e0   Code   RO          314    i.SetSysClockTo72   system_stm32f10x.o
    0x080011ec   0x080011ec   0x00000030   Code   RO         3662    i.Set_Left_Polarity  control.o
    0x0800121c   0x0800121c   0x00000010   Code   RO         3663    i.Set_Left_ccr      control.o
    0x0800122c   0x0800122c   0x00000030   Code   RO         3664    i.Set_Right_Polarity  control.o
    0x0800125c   0x0800125c   0x00000010   Code   RO         3665    i.Set_Right_ccr     control.o
    0x0800126c   0x0800126c   0x00000028   Code   RO          369    i.SysTick_CLKSourceConfig  misc.o
    0x08001294   0x08001294   0x00000002   Code   RO          174    i.SysTick_Handler   stm32f10x_it.o
    0x08001296   0x08001296   0x00000002   PAD
    0x08001298   0x08001298   0x00000060   Code   RO          316    i.SystemInit        system_stm32f10x.o
    0x080012f8   0x080012f8   0x00000080   Code   RO         2576    i.TI1_Config        stm32f10x_tim.o
    0x08001378   0x08001378   0x00000098   Code   RO         2577    i.TI2_Config        stm32f10x_tim.o
    0x08001410   0x08001410   0x00000090   Code   RO         2578    i.TI3_Config        stm32f10x_tim.o
    0x080014a0   0x080014a0   0x00000098   Code   RO         2579    i.TI4_Config        stm32f10x_tim.o
    0x08001538   0x08001538   0x00000018   Code   RO         3621    i.TIM3_IRQHandler   encoder.o
    0x08001550   0x08001550   0x00000018   Code   RO         3622    i.TIM4_IRQHandler   encoder.o
    0x08001568   0x08001568   0x00000006   Code   RO         2586    i.TIM_ClearFlag     stm32f10x_tim.o
    0x0800156e   0x0800156e   0x00000018   Code   RO         2592    i.TIM_Cmd           stm32f10x_tim.o
    0x08001586   0x08001586   0x00000042   Code   RO         2601    i.TIM_EncoderInterfaceConfig  stm32f10x_tim.o
    0x080015c8   0x080015c8   0x000000ac   Code   RO         2615    i.TIM_ICInit        stm32f10x_tim.o
    0x08001674   0x08001674   0x00000012   Code   RO         2616    i.TIM_ICStructInit  stm32f10x_tim.o
    0x08001686   0x08001686   0x00000012   Code   RO         2617    i.TIM_ITConfig      stm32f10x_tim.o
    0x08001698   0x08001698   0x0000000c   Code   RO         2619    i.TIM_InternalClockConfig  stm32f10x_tim.o
    0x080016a4   0x080016a4   0x00000098   Code   RO         2621    i.TIM_OC1Init       stm32f10x_tim.o
    0x0800173c   0x0800173c   0x000000a4   Code   RO         2626    i.TIM_OC2Init       stm32f10x_tim.o
    0x080017e0   0x080017e0   0x00000014   Code   RO         2639    i.TIM_OCStructInit  stm32f10x_tim.o
    0x080017f4   0x080017f4   0x00000004   Code   RO         2653    i.TIM_SetCompare1   stm32f10x_tim.o
    0x080017f8   0x080017f8   0x00000004   Code   RO         2654    i.TIM_SetCompare2   stm32f10x_tim.o
    0x080017fc   0x080017fc   0x00000004   Code   RO         2657    i.TIM_SetCounter    stm32f10x_tim.o
    0x08001800   0x08001800   0x00000012   Code   RO         2658    i.TIM_SetIC1Prescaler  stm32f10x_tim.o
    0x08001812   0x08001812   0x0000001a   Code   RO         2659    i.TIM_SetIC2Prescaler  stm32f10x_tim.o
    0x0800182c   0x0800182c   0x00000012   Code   RO         2660    i.TIM_SetIC3Prescaler  stm32f10x_tim.o
    0x0800183e   0x0800183e   0x0000001a   Code   RO         2661    i.TIM_SetIC4Prescaler  stm32f10x_tim.o
    0x08001858   0x08001858   0x000000a4   Code   RO         2663    i.TIM_TimeBaseInit  stm32f10x_tim.o
    0x080018fc   0x080018fc   0x00000012   Code   RO         2664    i.TIM_TimeBaseStructInit  stm32f10x_tim.o
    0x0800190e   0x0800190e   0x00000002   PAD
    0x08001910   0x08001910   0x00000098   Code   RO         3420    i.USART1_IRQHandler  usart.o
    0x080019a8   0x080019a8   0x00000088   Code   RO         3465    i.USART2_IRQHandler  usart2_1.o
    0x08001a30   0x08001a30   0x00000070   Code   RO         3506    i.USART3_IRQHandler  usart3.o
    0x08001aa0   0x08001aa0   0x00000018   Code   RO         3128    i.USART_Cmd         stm32f10x_usart.o
    0x08001ab8   0x08001ab8   0x00000054   Code   RO         3132    i.USART_GetITStatus  stm32f10x_usart.o
    0x08001b0c   0x08001b0c   0x0000004a   Code   RO         3134    i.USART_ITConfig    stm32f10x_usart.o
    0x08001b56   0x08001b56   0x00000002   PAD
    0x08001b58   0x08001b58   0x000000d8   Code   RO         3135    i.USART_Init        stm32f10x_usart.o
    0x08001c30   0x08001c30   0x0000000a   Code   RO         3142    i.USART_ReceiveData  stm32f10x_usart.o
    0x08001c3a   0x08001c3a   0x00000004   Code   RO          175    i.UsageFault_Handler  stm32f10x_it.o
    0x08001c3e   0x08001c3e   0x0000000e   Code   RO         4441    i._is_digit         c_w.l(__printf_wp.o)
    0x08001c4c   0x08001c4c   0x00000006   Code   RO         3466    i._sys_exit         usart2_1.o
    0x08001c52   0x08001c52   0x00000002   PAD
    0x08001c54   0x08001c54   0x0000004c   Code   RO         3421    i.clrStruct         usart.o
    0x08001ca0   0x08001ca0   0x00000044   Code   RO         3358    i.delay_init        delay.o
    0x08001ce4   0x08001ce4   0x0000004c   Code   RO         3359    i.delay_ms          delay.o
    0x08001d30   0x08001d30   0x0000004c   Code   RO         3360    i.delay_us          delay.o
    0x08001d7c   0x08001d7c   0x0000001c   Code   RO         3547    i.errorLog          gps.o
    0x08001d98   0x08001d98   0x0000001c   Code   RO         3467    i.fputc             usart2_1.o
    0x08001db4   0x08001db4   0x00000038   Code   RO            4    i.main              main.o
    0x08001dec   0x08001dec   0x000000e8   Code   RO         3548    i.parseGpsBuffer    gps.o
    0x08001ed4   0x08001ed4   0x00000040   Code   RO         3549    i.printGpsBuffer    gps.o
    0x08001f14   0x08001f14   0x000000a0   Code   RO         3666    i.run               control.o
    0x08001fb4   0x08001fb4   0x000000e4   Code   RO         3579    i.tb6612_Init       tb6612.o
    0x08002098   0x08002098   0x000000a4   Code   RO         3468    i.uart2_init        usart2_1.o
    0x0800213c   0x0800213c   0x000000a4   Code   RO         3422    i.uart_init         usart.o
    0x080021e0   0x080021e0   0x00000062   Code   RO         4469    x$fpl$d2f           fz_ws.l(d2f.o)
    0x08002242   0x08002242   0x00000002   PAD
    0x08002244   0x08002244   0x000002b0   Code   RO         4478    x$fpl$ddiv          fz_ws.l(ddiv.o)
    0x080024f4   0x080024f4   0x00000154   Code   RO         4487    x$fpl$dmul          fz_ws.l(dmul.o)
    0x08002648   0x08002648   0x0000009c   Code   RO         4569    x$fpl$dnaninf       fz_ws.l(dnaninf.o)
    0x080026e4   0x080026e4   0x0000000c   Code   RO         4571    x$fpl$dretinf       fz_ws.l(dretinf.o)
    0x080026f0   0x080026f0   0x00000056   Code   RO         4489    x$fpl$f2d           fz_ws.l(f2d.o)
    0x08002746   0x08002746   0x00000002   PAD
    0x08002748   0x08002748   0x00000184   Code   RO         4498    x$fpl$fdiv          fz_ws.l(fdiv.o)
    0x080028cc   0x080028cc   0x00000030   Code   RO         4512    x$fpl$fflt          fz_ws.l(fflt_clz.o)
    0x080028fc   0x080028fc   0x0000008c   Code   RO         4575    x$fpl$fnaninf       fz_ws.l(fnaninf.o)
    0x08002988   0x08002988   0x0000000a   Code   RO         4577    x$fpl$fretinf       fz_ws.l(fretinf.o)
    0x08002992   0x08002992   0x00000000   Code   RO         4581    x$fpl$usenofp       fz_ws.l(usenofp.o)
    0x08002992   0x08002992   0x00000011   Data   RO         4444    .constdata          c_w.l(__printf_flags_wp.o)
    0x080029a3   0x080029a3   0x00000001   PAD
    0x080029a4   0x080029a4   0x00000020   Data   RO         4792    Region$$Table       anon$$obj.o


    Execution Region RW_IRAM1 (Exec base: 0x20000000, Load base: 0x080029c4, Size: 0x00000980, Max: 0x0000c000, ABSOLUTE)

    Exec Addr    Load Addr    Size         Type   Attr      Idx    E Section Name        Object

    0x20000000   0x080029c4   0x0000000a   Data   RW            5    .data               main.o
    0x2000000a   0x080029ce   0x00000002   PAD
    0x2000000c   0x080029d0   0x00000014   Data   RW          317    .data               system_stm32f10x.o
    0x20000020   0x080029e4   0x00000014   Data   RW         1988    .data               stm32f10x_rcc.o
    0x20000034   0x080029f8   0x00000004   Data   RW         3361    .data               delay.o
    0x20000038   0x080029fc   0x00000006   Data   RW         3424    .data               usart.o
    0x2000003e   0x08002a02   0x00000002   PAD
    0x20000040   0x08002a04   0x00000006   Data   RW         3470    .data               usart2_1.o
    0x20000046   0x08002a0a   0x00000002   Data   RW         3511    .data               usart3.o
    0x20000048        -       0x00000141   Zero   RW         3423    .bss                usart.o
    0x20000189        -       0x000000c8   Zero   RW         3469    .bss                usart2_1.o
    0x20000251        -       0x000000c8   Zero   RW         3510    .bss                usart3.o
    0x20000319   0x08002a0c   0x00000003   PAD
    0x2000031c        -       0x00000060   Zero   RW         4646    .bss                c_w.l(libspace.o)
    0x2000037c   0x08002a0c   0x00000004   PAD
    0x20000380        -       0x00000200   Zero   RW          359    HEAP                startup_stm32f10x_hd.o
    0x20000580        -       0x00000400   Zero   RW          358    STACK               startup_stm32f10x_hd.o


==============================================================================

Image component sizes


      Code (inc. data)   RO Data    RW Data    ZI Data      Debug   Object Name

       288          8          0          0          0       2562   control.o
         0          0          0          0          0         32   core_cm3.o
       220         26          0          4          0       1623   delay.o
       432         36          0          0          0       3076   encoder.o
       324         48          0          0          0       1637   gps.o
       312         50          0         10          0      35034   main.o
       152         12          0          0          0     206318   misc.o
       396          0          0          0          0       4020   mpu6050.o
       658        100          0          0          0       4618   mpuiic.o
        64         26        304          0       1536        776   startup_stm32f10x_hd.o
       286          0          0          0          0       3060   stm32f10x_gpio.o
        26          0          0          0          0      46910   stm32f10x_it.o
       276         32          0         20          0       4434   stm32f10x_rcc.o
      1510        180          0          0          0      14300   stm32f10x_tim.o
       408          6          0          0          0       4978   stm32f10x_usart.o
       328         28          0         20          0       2081   system_stm32f10x.o
       228          8          0          0          0        654   tb6612.o
       420         40          0          6        321       3679   usart.o
       334         28          0          6        200       4091   usart2_1.o
       112         18          0          2        200       1190   usart3.o

    ----------------------------------------------------------------------
      6794        646        336         72       2260     345073   Object Totals
         0          0         32          0          0          0   (incl. Generated)
        20          0          0          4          3          0   (incl. Padding)

    ----------------------------------------------------------------------

      Code (inc. data)   RO Data    RW Data    ZI Data      Debug   Library Member Name

         8          0          0          0          0         68   __main.o
       312          4         17          0          0         92   __printf_flags_wp.o
        14          0          0          0          0         68   __printf_wp.o
         0          0          0          0          0          0   __rtentry.o
        12          0          0          0          0          0   __rtentry2.o
         6          0          0          0          0          0   __rtentry4.o
        52          8          0          0          0          0   __scatter.o
        26          0          0          0          0          0   __scatter_copy.o
        28          0          0          0          0          0   __scatter_zi.o
        44          0          0          0          0        108   _printf_char.o
        48          6          0          0          0         96   _printf_char_common.o
        36          4          0          0          0         80   _printf_char_file.o
         6          0          0          0          0          0   _printf_d.o
       120         16          0          0          0         92   _printf_dec.o
       178          0          0          0          0         88   _printf_intcommon.o
         0          0          0          0          0          0   _printf_percent.o
         4          0          0          0          0          0   _printf_percent_end.o
         6          0          0          0          0          0   _printf_s.o
        82          0          0          0          0         80   _printf_str.o
        18          0          0          0          0         80   exit.o
         8          0          0          0          0         68   ferror.o
         6          0          0          0          0        152   heapauxi.o
         2          0          0          0          0          0   libinit.o
         2          0          0          0          0          0   libinit2.o
         2          0          0          0          0          0   libshutdown.o
         2          0          0          0          0          0   libshutdown2.o
         8          4          0          0         96         68   libspace.o
        24          4          0          0          0         84   noretval__2printf.o
        68          0          0          0          0         68   rt_memclr.o
        78          0          0          0          0         80   rt_memclr_w.o
       138          0          0          0          0         68   rt_memcpy_v6.o
       100          0          0          0          0         80   rt_memcpy_w.o
         2          0          0          0          0          0   rtexit.o
        10          0          0          0          0          0   rtexit2.o
        36          0          0          0          0         80   strstr.o
        74          0          0          0          0         80   sys_stackheap_outer.o
         2          0          0          0          0         68   use_no_semi.o
         2          0          0          0          0         68   use_no_semi_2.o
        98          4          0          0          0         92   d2f.o
       688        140          0          0          0        208   ddiv.o
       340         12          0          0          0        104   dmul.o
       156          4          0          0          0         92   dnaninf.o
        12          0          0          0          0         68   dretinf.o
        86          4          0          0          0         84   f2d.o
       388         76          0          0          0         96   fdiv.o
        48          0          0          0          0         68   fflt_clz.o
       140          4          0          0          0         84   fnaninf.o
        10          0          0          0          0         68   fretinf.o
         0          0          0          0          0          0   usenofp.o

    ----------------------------------------------------------------------
      3544        290         18          0        100       2780   Library Totals
        14          0          1          0          4          0   (incl. Padding)

    ----------------------------------------------------------------------

      Code (inc. data)   RO Data    RW Data    ZI Data      Debug   Library Name

      1564         46         17          0         96       1816   c_w.l
      1966        244          0          0          0        964   fz_ws.l

    ----------------------------------------------------------------------
      3544        290         18          0        100       2780   Library Totals

    ----------------------------------------------------------------------

==============================================================================


      Code (inc. data)   RO Data    RW Data    ZI Data      Debug   

     10338        936        354         72       2360     341661   Grand Totals
     10338        936        354         72       2360     341661   ELF Image Totals
     10338        936        354         72          0          0   ROM Totals

==============================================================================

    Total RO  Size (Code + RO Data)                10692 (  10.44kB)
    Total RW  Size (RW Data + ZI Data)              2432 (   2.38kB)
    Total ROM Size (Code + RO Data + RW Data)      10764 (  10.51kB)

==============================================================================

